Archive member included to satisfy reference by file (symbol)

/opt/Atollic_TrueSTUDIO_for_STM32_x86_64_9.2.0/ARMTools/bin/../lib/gcc/arm-atollic-eabi/6.3.1/../../../../arm-atollic-eabi/lib/armv7e-m/fpu/libc_nano.a(lib_a-errno.o)
                              Src/syscalls.o (__errno)
/opt/Atollic_TrueSTUDIO_for_STM32_x86_64_9.2.0/ARMTools/bin/../lib/gcc/arm-atollic-eabi/6.3.1/../../../../arm-atollic-eabi/lib/armv7e-m/fpu/libc_nano.a(lib_a-impure.o)
                              /opt/Atollic_TrueSTUDIO_for_STM32_x86_64_9.2.0/ARMTools/bin/../lib/gcc/arm-atollic-eabi/6.3.1/../../../../arm-atollic-eabi/lib/armv7e-m/fpu/libc_nano.a(lib_a-errno.o) (_impure_ptr)
/opt/Atollic_TrueSTUDIO_for_STM32_x86_64_9.2.0/ARMTools/bin/../lib/gcc/arm-atollic-eabi/6.3.1/../../../../arm-atollic-eabi/lib/armv7e-m/fpu/libc_nano.a(lib_a-init.o)
                              startup/startup_stm32f446xx.o (__libc_init_array)
/opt/Atollic_TrueSTUDIO_for_STM32_x86_64_9.2.0/ARMTools/bin/../lib/gcc/arm-atollic-eabi/6.3.1/../../../../arm-atollic-eabi/lib/armv7e-m/fpu/libc_nano.a(lib_a-memcpy-stub.o)
                              Middlewares/Third_Party/FreeRTOS/Source/queue.o (memcpy)
/opt/Atollic_TrueSTUDIO_for_STM32_x86_64_9.2.0/ARMTools/bin/../lib/gcc/arm-atollic-eabi/6.3.1/../../../../arm-atollic-eabi/lib/armv7e-m/fpu/libc_nano.a(lib_a-memset.o)
                              Middlewares/Third_Party/FreeRTOS/Source/CMSIS_RTOS/cmsis_os.o (memset)
/opt/Atollic_TrueSTUDIO_for_STM32_x86_64_9.2.0/ARMTools/bin/../lib/gcc/arm-atollic-eabi/6.3.1/../../../../arm-atollic-eabi/lib/armv7e-m/fpu/libc_nano.a(lib_a-strcpy.o)
                              Middlewares/Third_Party/FreeRTOS/Source/tasks.o (strcpy)
/opt/Atollic_TrueSTUDIO_for_STM32_x86_64_9.2.0/ARMTools/bin/../lib/gcc/arm-atollic-eabi/6.3.1/../../../../arm-atollic-eabi/lib/armv7e-m/fpu/libc_nano.a(lib_a-strlen.o)
                              Middlewares/Third_Party/FreeRTOS/Source/tasks.o (strlen)
/opt/Atollic_TrueSTUDIO_for_STM32_x86_64_9.2.0/ARMTools/bin/../lib/gcc/arm-atollic-eabi/6.3.1/../../../../arm-atollic-eabi/lib/armv7e-m/fpu/libm.a(lib_a-s_trunc.o)
                              Src/monitor.o (trunc)
/opt/Atollic_TrueSTUDIO_for_STM32_x86_64_9.2.0/ARMTools/bin/../lib/gcc/arm-atollic-eabi/6.3.1/armv7e-m/fpu/libgcc.a(_arm_addsubdf3.o)
                              /opt/Atollic_TrueSTUDIO_for_STM32_x86_64_9.2.0/ARMTools/bin/../lib/gcc/arm-atollic-eabi/6.3.1/../../../../arm-atollic-eabi/lib/armv7e-m/fpu/libm.a(lib_a-s_trunc.o) (__aeabi_dadd)
/opt/Atollic_TrueSTUDIO_for_STM32_x86_64_9.2.0/ARMTools/bin/../lib/gcc/arm-atollic-eabi/6.3.1/armv7e-m/fpu/libgcc.a(_arm_muldivdf3.o)
                              Src/monitor.o (__aeabi_dmul)
/opt/Atollic_TrueSTUDIO_for_STM32_x86_64_9.2.0/ARMTools/bin/../lib/gcc/arm-atollic-eabi/6.3.1/armv7e-m/fpu/libgcc.a(_arm_truncdfsf2.o)
                              Src/StateMachine.o (__aeabi_d2f)
/opt/Atollic_TrueSTUDIO_for_STM32_x86_64_9.2.0/ARMTools/bin/../lib/gcc/arm-atollic-eabi/6.3.1/armv7e-m/fpu/libgcc.a(_aeabi_uldivmod.o)
                              Drivers/STM32F4xx_HAL_Driver/Src/stm32f4xx_hal_rcc.o (__aeabi_uldivmod)
/opt/Atollic_TrueSTUDIO_for_STM32_x86_64_9.2.0/ARMTools/bin/../lib/gcc/arm-atollic-eabi/6.3.1/armv7e-m/fpu/libgcc.a(_udivmoddi4.o)
                              /opt/Atollic_TrueSTUDIO_for_STM32_x86_64_9.2.0/ARMTools/bin/../lib/gcc/arm-atollic-eabi/6.3.1/armv7e-m/fpu/libgcc.a(_aeabi_uldivmod.o) (__udivmoddi4)
/opt/Atollic_TrueSTUDIO_for_STM32_x86_64_9.2.0/ARMTools/bin/../lib/gcc/arm-atollic-eabi/6.3.1/armv7e-m/fpu/libgcc.a(_dvmd_tls.o)
                              /opt/Atollic_TrueSTUDIO_for_STM32_x86_64_9.2.0/ARMTools/bin/../lib/gcc/arm-atollic-eabi/6.3.1/armv7e-m/fpu/libgcc.a(_aeabi_uldivmod.o) (__aeabi_ldiv0)

Allocating common symbols
Common symbol       size              file

BancoDeEnsaios_sm   0x1a4             Src/StateMachine.o
semtxUSART3         0x4               Src/CLI.o
semSystemControl    0x4               Src/SysControl.o
defaultTaskHandle   0x4               Src/freertos.o
SystemControlTaHandle
                    0x4               Src/freertos.o
StateMachineTasHandle
                    0x4               Src/freertos.o
inOtm               0x4               Src/StateMachine.o
exec_func           0x4               Src/StateMachine.o
huart3              0x40              Src/usart.o
qB2                 0x4               Src/StateMachine.o
actual_mode         0x1               Src/SysControl.o
EventsProcessTaHandle
                    0x4               Src/freertos.o
optimizable_events  0x10              Src/StateMachine.o
uwTick              0x4               Drivers/STM32F4xx_HAL_Driver/Src/stm32f4xx_hal.o
n_opt_events        0x1               Src/StateMachine.o
xQueueRegistry      0x40              Middlewares/Third_Party/FreeRTOS/Source/queue.o
TerminalTaskHandle  0x4               Src/freertos.o
pFlash              0x20              Drivers/STM32F4xx_HAL_Driver/Src/stm32f4xx_hal_flash.o
[...]
Memory Configuration

Name             Origin             Length             Attributes
RAM              0x0000000020000000 0x0000000000020000 xrw
FLASH            0x0000000008000000 0x0000000000080000 xr
*default*        0x0000000000000000 0xffffffffffffffff

Linker script and memory map

LOAD /opt/Atollic_TrueSTUDIO_for_STM32_x86_64_9.2.0/ARMTools/bin/../lib/gcc/arm-atollic-eabi/6.3.1/armv7e-m/fpu/crti.o
LOAD /opt/Atollic_TrueSTUDIO_for_STM32_x86_64_9.2.0/ARMTools/bin/../lib/gcc/arm-atollic-eabi/6.3.1/armv7e-m/fpu/crtbegin.o
LOAD Drivers/STM32F4xx_HAL_Driver/Src/stm32f4xx_hal.o
LOAD Drivers/STM32F4xx_HAL_Driver/Src/stm32f4xx_hal_cortex.o
LOAD Drivers/STM32F4xx_HAL_Driver/Src/stm32f4xx_hal_dma.o
LOAD Drivers/STM32F4xx_HAL_Driver/Src/stm32f4xx_hal_dma_ex.o
LOAD Drivers/STM32F4xx_HAL_Driver/Src/stm32f4xx_hal_exti.o
LOAD Drivers/STM32F4xx_HAL_Driver/Src/stm32f4xx_hal_flash.o
LOAD Drivers/STM32F4xx_HAL_Driver/Src/stm32f4xx_hal_flash_ex.o
LOAD Drivers/STM32F4xx_HAL_Driver/Src/stm32f4xx_hal_flash_ramfunc.o
LOAD Drivers/STM32F4xx_HAL_Driver/Src/stm32f4xx_hal_gpio.o
LOAD Drivers/STM32F4xx_HAL_Driver/Src/stm32f4xx_hal_pwr.o
LOAD Drivers/STM32F4xx_HAL_Driver/Src/stm32f4xx_hal_pwr_ex.o
LOAD Drivers/STM32F4xx_HAL_Driver/Src/stm32f4xx_hal_rcc.o
LOAD Drivers/STM32F4xx_HAL_Driver/Src/stm32f4xx_hal_rcc_ex.o
LOAD Drivers/STM32F4xx_HAL_Driver/Src/stm32f4xx_hal_tim.o
LOAD Drivers/STM32F4xx_HAL_Driver/Src/stm32f4xx_hal_tim_ex.o
LOAD Drivers/STM32F4xx_HAL_Driver/Src/stm32f4xx_hal_uart.o
LOAD Middlewares/Third_Party/FreeRTOS/Source/CMSIS_RTOS/cmsis_os.o
LOAD Middlewares/Third_Party/FreeRTOS/Source/croutine.o
LOAD Middlewares/Third_Party/FreeRTOS/Source/event_groups.o
LOAD Middlewares/Third_Party/FreeRTOS/Source/list.o
LOAD Middlewares/Third_Party/FreeRTOS/Source/portable/GCC/ARM_CM4F/port.o
LOAD Middlewares/Third_Party/FreeRTOS/Source/portable/MemMang/heap_4.o
LOAD Middlewares/Third_Party/FreeRTOS/Source/queue.o
LOAD Middlewares/Third_Party/FreeRTOS/Source/stream_buffer.o
LOAD Middlewares/Third_Party/FreeRTOS/Source/tasks.o
LOAD Middlewares/Third_Party/FreeRTOS/Source/timers.o
LOAD Src/CLI.o
LOAD Src/EventControl.o
LOAD Src/StateMachine.o
LOAD Src/SysControl.o
LOAD Src/freertos.o
LOAD Src/gpio.o
LOAD Src/main.o
LOAD Src/monitor.o
LOAD Src/printf-stdarg.o
LOAD Src/stm32f4xx_hal_msp.o
LOAD Src/stm32f4xx_hal_timebase_tim.o
LOAD Src/stm32f4xx_it.o
LOAD Src/syscalls.o
LOAD Src/system_stm32f4xx.o
LOAD Src/tim.o
LOAD Src/usart.o
LOAD startup/startup_stm32f446xx.o
                0x0000000000000080                malloc_getpagesize_P = 0x80
START GROUP
LOAD /opt/Atollic_TrueSTUDIO_for_STM32_x86_64_9.2.0/ARMTools/bin/../lib/gcc/arm-atollic-eabi/6.3.1/../../../../arm-atollic-eabi/lib/armv7e-m/fpu/libc_nano.a
LOAD /opt/Atollic_TrueSTUDIO_for_STM32_x86_64_9.2.0/ARMTools/bin/../lib/gcc/arm-atollic-eabi/6.3.1/../../../../arm-atollic-eabi/lib/armv7e-m/fpu/libm.a
END GROUP
START GROUP
LOAD /opt/Atollic_TrueSTUDIO_for_STM32_x86_64_9.2.0/ARMTools/bin/../lib/gcc/arm-atollic-eabi/6.3.1/armv7e-m/fpu/libgcc.a
LOAD /opt/Atollic_TrueSTUDIO_for_STM32_x86_64_9.2.0/ARMTools/bin/../lib/gcc/arm-atollic-eabi/6.3.1/../../../../arm-atollic-eabi/lib/armv7e-m/fpu/libc_nano.a
END GROUP
START GROUP
LOAD /opt/Atollic_TrueSTUDIO_for_STM32_x86_64_9.2.0/ARMTools/bin/../lib/gcc/arm-atollic-eabi/6.3.1/armv7e-m/fpu/libgcc.a
LOAD /opt/Atollic_TrueSTUDIO_for_STM32_x86_64_9.2.0/ARMTools/bin/../lib/gcc/arm-atollic-eabi/6.3.1/../../../../arm-atollic-eabi/lib/armv7e-m/fpu/libc_nano.a
LOAD /opt/Atollic_TrueSTUDIO_for_STM32_x86_64_9.2.0/ARMTools/bin/../lib/gcc/arm-atollic-eabi/6.3.1/../../../../arm-atollic-eabi/lib/armv7e-m/fpu/libnosys.a
END GROUP
START GROUP
LOAD /opt/Atollic_TrueSTUDIO_for_STM32_x86_64_9.2.0/ARMTools/bin/../lib/gcc/arm-atollic-eabi/6.3.1/armv7e-m/fpu/libgcc.a
LOAD /opt/Atollic_TrueSTUDIO_for_STM32_x86_64_9.2.0/ARMTools/bin/../lib/gcc/arm-atollic-eabi/6.3.1/../../../../arm-atollic-eabi/lib/armv7e-m/fpu/libc_nano.a
LOAD /opt/Atollic_TrueSTUDIO_for_STM32_x86_64_9.2.0/ARMTools/bin/../lib/gcc/arm-atollic-eabi/6.3.1/../../../../arm-atollic-eabi/lib/armv7e-m/fpu/libnosys.a
END GROUP
LOAD /opt/Atollic_TrueSTUDIO_for_STM32_x86_64_9.2.0/ARMTools/bin/../lib/gcc/arm-atollic-eabi/6.3.1/armv7e-m/fpu/crtend.o
LOAD /opt/Atollic_TrueSTUDIO_for_STM32_x86_64_9.2.0/ARMTools/bin/../lib/gcc/arm-atollic-eabi/6.3.1/armv7e-m/fpu/crtn.o
                0x0000000020020000                _estack = 0x20020000
                0x0000000000000200                _Min_Heap_Size = 0x200
                0x0000000000000400                _Min_Stack_Size = 0x400

.isr_vector     0x0000000008000000      0x1c4
                0x0000000008000000                . = ALIGN (0x4)
 *(.isr_vector)
 .isr_vector    0x0000000008000000      0x1c4 startup/startup_stm32f446xx.o
                0x0000000008000000                g_pfnVectors
                0x00000000080001c4                . = ALIGN (0x4)

.text           0x00000000080001d0    0x14854
                0x00000000080001d0                . = ALIGN (0x4)
 *(.text)
 .text          0x00000000080001d0       0x40 /opt/Atollic_TrueSTUDIO_for_STM32_x86_64_9.2.0/ARMTools/bin/../lib/gcc/arm-atollic-eabi/6.3.1/armv7e-m/fpu/crtbegin.o
 .text          0x0000000008000210      0x3cc Drivers/STM32F4xx_HAL_Driver/Src/stm32f4xx_hal.o
                0x0000000008000210                HAL_Init
                0x0000000008000254                HAL_DeInit
                0x00000000080002ba                HAL_MspDeInit
                0x0000000008000328                HAL_IncTick
                0x0000000008000350                HAL_GetTick
                0x0000000008000368                HAL_GetTickPrio
                0x0000000008000380                HAL_SetTickFreq
                0x00000000080003c0                HAL_GetTickFreq
                0x00000000080003d8                HAL_Delay
                0x000000000800045c                HAL_GetHalVersion
                0x0000000008000470                HAL_GetREVID
                0x0000000008000488                HAL_GetDEVID
                0x00000000080004a4                HAL_DBGMCU_EnableDBGSleepMode
                0x00000000080004c4                HAL_DBGMCU_DisableDBGSleepMode
                0x00000000080004e4                HAL_DBGMCU_EnableDBGStopMode
                0x0000000008000504                HAL_DBGMCU_DisableDBGStopMode
                0x0000000008000524                HAL_DBGMCU_EnableDBGStandbyMode
                0x0000000008000544                HAL_DBGMCU_DisableDBGStandbyMode
                0x0000000008000564                HAL_EnableCompensationCell
                0x000000000800057c                HAL_DisableCompensationCell
                0x0000000008000594                HAL_GetUIDw0
                0x00000000080005ac                HAL_GetUIDw1
                0x00000000080005c4                HAL_GetUIDw2
 .text          0x00000000080005dc      0x65c Drivers/STM32F4xx_HAL_Driver/Src/stm32f4xx_hal_cortex.o
                0x000000000800099c                HAL_NVIC_SetPriorityGrouping
                0x00000000080009b2                HAL_NVIC_SetPriority
                0x00000000080009ea                HAL_NVIC_EnableIRQ
                0x0000000008000a06                HAL_NVIC_DisableIRQ
                0x0000000008000a22                HAL_NVIC_SystemReset
                0x0000000008000a2a                HAL_SYSTICK_Config
                0x0000000008000a42                HAL_MPU_Disable
                0x0000000008000a70                HAL_MPU_Enable
                0x0000000008000aac                HAL_MPU_ConfigRegion
                0x0000000008000b34                HAL_NVIC_GetPriorityGrouping
                0x0000000008000b42                HAL_NVIC_GetPriority
                0x0000000008000b6e                HAL_NVIC_SetPendingIRQ
                0x0000000008000b8a                HAL_NVIC_GetPendingIRQ
                0x0000000008000ba8                HAL_NVIC_ClearPendingIRQ
                0x0000000008000bc4                HAL_NVIC_GetActive
                0x0000000008000be2                HAL_SYSTICK_CLKSourceConfig
                0x0000000008000c1c                HAL_SYSTICK_IRQHandler
                0x0000000008000c28                HAL_SYSTICK_Callback
 .text          0x0000000008000c38      0xcac Drivers/STM32F4xx_HAL_Driver/Src/stm32f4xx_hal_dma.o
                0x0000000008000c38                HAL_DMA_Init
                0x0000000008000d94                HAL_DMA_DeInit
                0x0000000008000e50                HAL_DMA_Start
                0x0000000008000ec6                HAL_DMA_Start_IT
                0x0000000008000f86                HAL_DMA_Abort
                0x0000000008001066                HAL_DMA_Abort_IT
                0x00000000080010aa                HAL_DMA_PollForTransfer
                0x0000000008001268                HAL_DMA_IRQHandler
                0x000000000800157a                HAL_DMA_RegisterCallback
                0x0000000008001622                HAL_DMA_UnRegisterCallback
                0x00000000080016f4                HAL_DMA_GetState
                0x0000000008001710                HAL_DMA_GetError
 .text          0x00000000080018e4      0x63c Drivers/STM32F4xx_HAL_Driver/Src/stm32f4xx_hal_gpio.o
                0x00000000080018e4                HAL_GPIO_Init
                0x0000000008001c08                HAL_GPIO_DeInit
                0x0000000008001df0                HAL_GPIO_ReadPin
                0x0000000008001e20                HAL_GPIO_WritePin
                0x0000000008001e52                HAL_GPIO_TogglePin
                0x0000000008001e88                HAL_GPIO_LockPin
                0x0000000008001ed8                HAL_GPIO_EXTI_IRQHandler
 .text          0x0000000008001f20      0xaf0 Drivers/STM32F4xx_HAL_Driver/Src/stm32f4xx_hal_rcc.o
                0x00000000080023b4                HAL_RCC_ClockConfig
                0x0000000008002578                HAL_RCC_MCOConfig
                0x0000000008002648                HAL_RCC_EnableCSS
                0x0000000008002660                HAL_RCC_DisableCSS
                0x00000000080027e4                HAL_RCC_GetHCLKFreq
                0x00000000080027fc                HAL_RCC_GetPCLK1Freq
                0x0000000008002824                HAL_RCC_GetPCLK2Freq
                0x0000000008002974                HAL_RCC_GetClockConfig
                0x00000000080029d8                HAL_RCC_NMI_IRQHandler
                0x0000000008002a00                HAL_RCC_CSSCallback
 .text          0x0000000008002a10     0x1898 Drivers/STM32F4xx_HAL_Driver/Src/stm32f4xx_hal_rcc_ex.o
                0x0000000008002a10                HAL_RCCEx_PeriphCLKConfig
                0x0000000008003064                HAL_RCCEx_GetPeriphCLKConfig
                0x00000000080031f0                HAL_RCCEx_GetPeriphCLKFreq
                0x000000000800362c                HAL_RCCEx_SelectLSEMode
                0x0000000008003668                HAL_RCCEx_EnablePLLI2S
                0x0000000008003708                HAL_RCCEx_DisablePLLI2S
                0x000000000800374c                HAL_RCCEx_EnablePLLSAI
                0x00000000080037e8                HAL_RCCEx_DisablePLLSAI
                0x0000000008003830                HAL_RCC_GetSysClockFreq
                0x0000000008003ad4                HAL_RCC_DeInit
                0x0000000008003cbc                HAL_RCC_OscConfig
                0x0000000008004170                HAL_RCC_GetOscConfig
 .text          0x00000000080042a8     0x43bc Drivers/STM32F4xx_HAL_Driver/Src/stm32f4xx_hal_tim.o
                0x00000000080042a8                HAL_TIM_Base_Init
                0x00000000080042fe                HAL_TIM_Base_DeInit
                0x0000000008004386                HAL_TIM_Base_Start
                0x00000000080043ce                HAL_TIM_Base_Stop
                0x0000000008004424                HAL_TIM_Base_Start_IT
                0x000000000800446c                HAL_TIM_Base_Stop_IT
                0x00000000080044c2                HAL_TIM_Base_Start_DMA
                0x0000000008004584                HAL_TIM_Base_Stop_DMA
                0x00000000080045e8                HAL_TIM_OC_Init
                0x000000000800463e                HAL_TIM_OC_DeInit
                0x000000000800469e                HAL_TIM_OC_MspInit
                0x00000000080046b2                HAL_TIM_OC_MspDeInit
                0x00000000080046c6                HAL_TIM_OC_Start
                0x0000000008004740                HAL_TIM_OC_Stop
                0x00000000080047e8                HAL_TIM_OC_Start_IT
                0x00000000080048f0                HAL_TIM_OC_Stop_IT
                0x0000000008004a24                HAL_TIM_OC_Start_DMA
                0x0000000008004c48                HAL_TIM_OC_Stop_DMA
                0x0000000008004dac                HAL_TIM_PWM_Init
                0x0000000008004e02                HAL_TIM_PWM_DeInit
                0x0000000008004e62                HAL_TIM_PWM_MspInit
                0x0000000008004e76                HAL_TIM_PWM_MspDeInit
                0x0000000008004e8a                HAL_TIM_PWM_Start
                0x0000000008004f04                HAL_TIM_PWM_Stop
                0x0000000008004fb4                HAL_TIM_PWM_Start_IT
                0x00000000080050bc                HAL_TIM_PWM_Stop_IT
                0x00000000080051f0                HAL_TIM_PWM_Start_DMA
                0x0000000008005414                HAL_TIM_PWM_Stop_DMA
                0x0000000008005578                HAL_TIM_IC_Init
                0x00000000080055ce                HAL_TIM_IC_DeInit
                0x000000000800562e                HAL_TIM_IC_MspInit
                0x0000000008005642                HAL_TIM_IC_MspDeInit
                0x0000000008005656                HAL_TIM_IC_Start
                0x000000000800569a                HAL_TIM_IC_Stop
                0x00000000080056ec                HAL_TIM_IC_Start_IT
                0x00000000080057bc                HAL_TIM_IC_Stop_IT
                0x000000000800589a                HAL_TIM_IC_Start_DMA
                0x0000000008005a88                HAL_TIM_IC_Stop_DMA
                0x0000000008005b96                HAL_TIM_OnePulse_Init
                0x0000000008005c0e                HAL_TIM_OnePulse_DeInit
                0x0000000008005c6e                HAL_TIM_OnePulse_MspInit
                0x0000000008005c82                HAL_TIM_OnePulse_MspDeInit
                0x0000000008005c96                HAL_TIM_OnePulse_Start
                0x0000000008005cfc                HAL_TIM_OnePulse_Stop
                0x0000000008005db4                HAL_TIM_OnePulse_Start_IT
                0x0000000008005e3c                HAL_TIM_OnePulse_Stop_IT
                0x0000000008005f14                HAL_TIM_Encoder_Init
                0x0000000008006038                HAL_TIM_Encoder_DeInit
                0x0000000008006098                HAL_TIM_Encoder_MspInit
                0x00000000080060ac                HAL_TIM_Encoder_MspDeInit
                0x00000000080060c0                HAL_TIM_Encoder_Start
                0x000000000800612e                HAL_TIM_Encoder_Stop
                0x00000000080061bc                HAL_TIM_Encoder_Start_IT
                0x000000000800626a                HAL_TIM_Encoder_Stop_IT
                0x000000000800633e                HAL_TIM_Encoder_Start_DMA
                0x0000000008006534                HAL_TIM_Encoder_Stop_DMA
                0x0000000008006630                HAL_TIM_IRQHandler
                0x0000000008006840                HAL_TIM_OC_ConfigChannel
                0x0000000008006900                HAL_TIM_IC_ConfigChannel
                0x0000000008006a38                HAL_TIM_PWM_ConfigChannel
                0x0000000008006bc4                HAL_TIM_OnePulse_ConfigChannel
                0x0000000008006d44                HAL_TIM_DMABurst_WriteStart
                0x0000000008006fc8                HAL_TIM_DMABurst_WriteStop
                0x000000000800709e                HAL_TIM_DMABurst_ReadStart
                0x0000000008007320                HAL_TIM_DMABurst_ReadStop
                0x00000000080073f6                HAL_TIM_GenerateEvent
                0x0000000008007444                HAL_TIM_ConfigOCrefClear
                0x00000000080075cc                HAL_TIM_ConfigClockSource
                0x000000000800773a                HAL_TIM_ConfigTI1Input
                0x0000000008007772                HAL_TIM_SlaveConfigSynchro
                0x00000000080077f6                HAL_TIM_SlaveConfigSynchro_IT
                0x000000000800787a                HAL_TIM_ReadCapturedValue
                0x0000000008007914                HAL_TIM_PeriodElapsedHalfCpltCallback
                0x0000000008007928                HAL_TIM_OC_DelayElapsedCallback
                0x000000000800793c                HAL_TIM_IC_CaptureCallback
                0x0000000008007950                HAL_TIM_IC_CaptureHalfCpltCallback
                0x0000000008007964                HAL_TIM_PWM_PulseFinishedCallback
                0x0000000008007978                HAL_TIM_PWM_PulseFinishedHalfCpltCallback
                0x000000000800798c                HAL_TIM_TriggerCallback
                0x00000000080079a0                HAL_TIM_TriggerHalfCpltCallback
                0x00000000080079b4                HAL_TIM_ErrorCallback
                0x00000000080079c8                HAL_TIM_Base_GetState
                0x00000000080079e4                HAL_TIM_OC_GetState
                0x0000000008007a00                HAL_TIM_PWM_GetState
                0x0000000008007a1c                HAL_TIM_IC_GetState
                0x0000000008007a38                HAL_TIM_OnePulse_GetState
                0x0000000008007a54                HAL_TIM_Encoder_GetState
                0x0000000008007a70                TIM_DMAError
                0x0000000008007a94                TIM_DMADelayPulseCplt
                0x0000000008007b04                TIM_DMADelayPulseHalfCplt
                0x0000000008007b74                TIM_DMACaptureCplt
                0x0000000008007be4                TIM_DMACaptureHalfCplt
                0x0000000008007ce4                TIM_Base_SetConfig
                0x0000000008007f04                TIM_OC2_SetConfig
                0x0000000008008290                TIM_TI1_SetConfig
                0x00000000080085d8                TIM_ETR_SetConfig
                0x0000000008008618                TIM_CCxChannelCmd
 .text          0x0000000008008664     0x144c Drivers/STM32F4xx_HAL_Driver/Src/stm32f4xx_hal_tim_ex.o
                0x0000000008008664                HAL_TIMEx_HallSensor_Init
                0x000000000800878e                HAL_TIMEx_HallSensor_DeInit
                0x00000000080087ee                HAL_TIMEx_HallSensor_MspInit
                0x0000000008008802                HAL_TIMEx_HallSensor_MspDeInit
                0x0000000008008816                HAL_TIMEx_HallSensor_Start
                0x0000000008008858                HAL_TIMEx_HallSensor_Stop
                0x00000000080088a8                HAL_TIMEx_HallSensor_Start_IT
                0x00000000080088fa                HAL_TIMEx_HallSensor_Stop_IT
                0x000000000800895a                HAL_TIMEx_HallSensor_Start_DMA
                0x0000000008008a28                HAL_TIMEx_HallSensor_Stop_DMA
                0x0000000008008a92                HAL_TIMEx_OCN_Start
                0x0000000008008ae6                HAL_TIMEx_OCN_Stop
                0x0000000008008b68                HAL_TIMEx_OCN_Start_IT
                0x0000000008008c12                HAL_TIMEx_OCN_Stop_IT
                0x0000000008008cfe                HAL_TIMEx_OCN_Start_DMA
                0x0000000008008e80                HAL_TIMEx_OCN_Stop_DMA
                0x0000000008008f6e                HAL_TIMEx_PWMN_Start
                0x0000000008008fc2                HAL_TIMEx_PWMN_Stop
                0x0000000008009044                HAL_TIMEx_PWMN_Start_IT
                0x00000000080090ee                HAL_TIMEx_PWMN_Stop_IT
                0x00000000080091da                HAL_TIMEx_PWMN_Start_DMA
                0x000000000800935c                HAL_TIMEx_PWMN_Stop_DMA
                0x000000000800944a                HAL_TIMEx_OnePulseN_Start
                0x000000000800947c                HAL_TIMEx_OnePulseN_Stop
                0x00000000080094fe                HAL_TIMEx_OnePulseN_Start_IT
                0x0000000008009550                HAL_TIMEx_OnePulseN_Stop_IT
                0x00000000080095f2                HAL_TIMEx_ConfigCommutEvent
                0x00000000080096b2                HAL_TIMEx_ConfigCommutEvent_IT
                0x0000000008009772                HAL_TIMEx_ConfigCommutEvent_DMA
                0x0000000008009858                HAL_TIMEx_MasterConfigSynchronization
                0x00000000080098e2                HAL_TIMEx_ConfigBreakDeadTime
                0x0000000008009986                HAL_TIMEx_RemapConfig
                0x00000000080099c4                HAL_TIMEx_CommutCallback
                0x00000000080099d8                HAL_TIMEx_CommutHalfCpltCallback
                0x00000000080099ec                HAL_TIMEx_BreakCallback
                0x0000000008009a00                HAL_TIMEx_HallSensor_GetState
                0x0000000008009a1c                TIMEx_DMACommutationCplt
                0x0000000008009a40                TIMEx_DMACommutationHalfCplt
 .text          0x0000000008009ab0     0x1e30 Drivers/STM32F4xx_HAL_Driver/Src/stm32f4xx_hal_uart.o
                0x0000000008009ab0                HAL_UART_Init
                0x0000000008009b4a                HAL_HalfDuplex_Init
                0x0000000008009bf4                HAL_LIN_Init
                0x0000000008009cc0                HAL_MultiProcessor_Init
                0x0000000008009da0                HAL_UART_DeInit
                0x0000000008009e20                HAL_UART_Transmit
                0x0000000008009f50                HAL_UART_Receive
                0x000000000800a09c                HAL_UART_Transmit_IT
                0x000000000800a126                HAL_UART_Receive_IT
                0x000000000800a1d0                HAL_UART_Transmit_DMA
                0x000000000800a2a8                HAL_UART_Receive_DMA
                0x000000000800a3a8                HAL_UART_DMAPause
                0x000000000800a470                HAL_UART_DMAResume
                0x000000000800a512                HAL_UART_DMAStop
                0x000000000800a5c8                HAL_UART_Abort
                0x000000000800a6cc                HAL_UART_AbortTransmit
                0x000000000800a754                HAL_UART_AbortReceive
                0x000000000800a7ec                HAL_UART_Abort_IT
                0x000000000800a934                HAL_UART_AbortTransmit_IT
                0x000000000800a9d4                HAL_UART_AbortReceive_IT
                0x000000000800aa84                HAL_UART_IRQHandler
                0x000000000800ac90                HAL_UART_TxHalfCpltCallback
                0x000000000800acb8                HAL_UART_RxHalfCpltCallback
                0x000000000800accc                HAL_UART_ErrorCallback
                0x000000000800ace0                HAL_UART_AbortCpltCallback
                0x000000000800acf4                HAL_UART_AbortTransmitCpltCallback
                0x000000000800ad08                HAL_UART_AbortReceiveCpltCallback
                0x000000000800ad1c                HAL_LIN_SendBreak
                0x000000000800ad70                HAL_MultiProcessor_EnterMuteMode
                0x000000000800adc4                HAL_MultiProcessor_ExitMuteMode
                0x000000000800ae18                HAL_HalfDuplex_EnableTransmitter
                0x000000000800ae80                HAL_HalfDuplex_EnableReceiver
                0x000000000800aee8                HAL_UART_GetState
                0x000000000800af24                HAL_UART_GetError
 .text          0x000000000800b8e0      0xf84 Middlewares/Third_Party/FreeRTOS/Source/CMSIS_RTOS/cmsis_os.o
                0x000000000800b960                osKernelStart
                0x000000000800b96e                osKernelRunning
                0x000000000800b986                osKernelSysTick
                0x000000000800b9a6                osThreadCreate
                0x000000000800ba3e                osThreadGetId
                0x000000000800ba4c                osThreadTerminate
                0x000000000800ba64                osThreadYield
                0x000000000800ba88                osThreadSetPriority
                0x000000000800bab2                osThreadGetPriority
                0x000000000800baee                osDelay
                0x000000000800bb16                osTimerCreate
                0x000000000800bb32                osTimerStart
                0x000000000800bb52                osTimerStop
                0x000000000800bb70                osTimerDelete
                0x000000000800bb8e                osSignalSet
                0x000000000800bc0c                osSignalWait
                0x000000000800bca4                osMutexCreate
                0x000000000800bcd4                osMutexWait
                0x000000000800bd70                osMutexRelease
                0x000000000800bddc                osMutexDelete
                0x000000000800be02                osSemaphoreCreate
                0x000000000800be68                osSemaphoreWait
                0x000000000800bf04                osSemaphoreRelease
                0x000000000800bf70                osSemaphoreDelete
                0x000000000800bf96                osPoolCreate
                0x000000000800c050                osPoolAlloc
                0x000000000800c114                osPoolCAlloc
                0x000000000800c13e                osPoolFree
                0x000000000800c1c0                osMessageCreate
                0x000000000800c212                osMessagePut
                0x000000000800c294                osMessageGet
                0x000000000800c37c                osMailCreate
                0x000000000800c42e                osMailAlloc
                0x000000000800c458                osMailCAlloc
                0x000000000800c49e                osMailPut
                0x000000000800c518                osMailGet
                0x000000000800c600                osMailFree
                0x000000000800c62a                osSystickHandler
                0x000000000800c640                osThreadSuspend
                0x000000000800c658                osThreadResume
                0x000000000800c69c                osThreadSuspendAll
                0x000000000800c6aa                osThreadResumeAll
                0x000000000800c6c2                osDelayUntil
                0x000000000800c6da                osAbortDelay
                0x000000000800c6f0                osThreadList
                0x000000000800c708                osMessagePeek
                0x000000000800c79e                osMessageWaiting
                0x000000000800c7ca                osMessageAvailableSpace
                0x000000000800c7e2                osMessageDelete
                0x000000000800c808                osRecursiveMutexCreate
                0x000000000800c81e                osRecursiveMutexRelease
                0x000000000800c834                osRecursiveMutexWait
                0x000000000800c84c                osSemaphoreGetCount
 .text          0x000000000800c864      0x168 Middlewares/Third_Party/FreeRTOS/Source/list.o
                0x000000000800c864                vListInitialise
                0x000000000800c8a4                vListInitialiseItem
                0x000000000800c8be                vListInsertEnd
                0x000000000800c906                vListInsert
                0x000000000800c978                uxListRemove
 *fill*         0x000000000800c9cc        0x4 
 .text          0x000000000800c9d0      0x4b4 Middlewares/Third_Party/FreeRTOS/Source/portable/GCC/ARM_CM4F/port.o
                0x000000000800c9d0                pxPortInitialiseStack
                0x000000000800ca8c                SVC_Handler
                0x000000000800cada                xPortStartScheduler
                0x000000000800cc18                vPortEndScheduler
                0x000000000800cc4c                vPortEnterCritical
                0x000000000800cca8                vPortExitCritical
                0x000000000800ccf8                PendSV_Handler
                0x000000000800cd66                SysTick_Handler
                0x000000000800cda8                vPortSetupTimerInterrupt
                0x000000000800ce00                vPortValidateInterruptPriority
 .text          0x000000000800ce84      0x3ec Middlewares/Third_Party/FreeRTOS/Source/portable/MemMang/heap_4.o
                0x000000000800ce84                pvPortMalloc
                0x000000000800d008                vPortFree
                0x000000000800d0b8                xPortGetFreeHeapSize
                0x000000000800d0d0                xPortGetMinimumEverFreeHeapSize
                0x000000000800d0e8                vPortInitialiseBlocks
 .text          0x000000000800d270     0x1398 Middlewares/Third_Party/FreeRTOS/Source/queue.o
                0x000000000800d270                xQueueGenericReset
                0x000000000800d340                xQueueGenericCreateStatic
                0x000000000800d424                xQueueGenericCreate
                0x000000000800d518                xQueueCreateMutex
                0x000000000800d548                xQueueCreateMutexStatic
                0x000000000800d57e                xQueueGenericSend
                0x000000000800d774                xQueueGenericSendFromISR
                0x000000000800d89c                xQueueGiveFromISR
                0x000000000800d9ae                xQueueReceive
                0x000000000800db68                xQueueSemaphoreTake
                0x000000000800dd78                xQueuePeek
                0x000000000800df34                xQueueReceiveFromISR
                0x000000000800e02e                xQueuePeekFromISR
                0x000000000800e0f8                uxQueueMessagesWaiting
                0x000000000800e132                uxQueueSpacesAvailable
                0x000000000800e176                uxQueueMessagesWaitingFromISR
                0x000000000800e1ac                vQueueDelete
                0x000000000800e1f0                uxQueueGetQueueNumber
                0x000000000800e208                vQueueSetQueueNumber
                0x000000000800e224                ucQueueGetQueueType
                0x000000000800e45e                xQueueIsQueueEmptyFromISR
                0x000000000800e4d0                xQueueIsQueueFullFromISR
                0x000000000800e516                vQueueAddToRegistry
                0x000000000800e568                pcQueueGetName
                0x000000000800e5b4                vQueueUnregisterQueue
 .text          0x000000000800e608     0x2590 Middlewares/Third_Party/FreeRTOS/Source/tasks.o
                0x000000000800e608                xTaskCreateStatic
                0x000000000800e6ba                xTaskCreate
                0x000000000800e934                vTaskDelete
                0x000000000800ea50                vTaskDelay
                0x000000000800eab8                eTaskGetState
                0x000000000800eb68                uxTaskPriorityGet
                0x000000000800eb9c                uxTaskPriorityGetFromISR
                0x000000000800ebf4                vTaskPrioritySet
                0x000000000800ed50                vTaskSuspend
                0x000000000800eee8                vTaskResume
                0x000000000800efa0                xTaskResumeFromISR
                0x000000000800f080                vTaskStartScheduler
                0x000000000800f140                vTaskEndScheduler
                0x000000000800f170                vTaskSuspendAll
                0x000000000800f18c                xTaskResumeAll
                0x000000000800f2c4                xTaskGetTickCount
                0x000000000800f2e4                xTaskGetTickCountFromISR
                0x000000000800f308                uxTaskGetNumberOfTasks
                0x000000000800f320                pcTaskGetName
                0x000000000800f368                uxTaskGetSystemState
                0x000000000800f488                xTaskIncrementTick
                0x000000000800f600                vTaskSwitchContext
                0x000000000800f6ec                vTaskPlaceOnEventList
                0x000000000800f734                vTaskPlaceOnUnorderedEventList
                0x000000000800f7a8                xTaskRemoveFromEventList
                0x000000000800f86c                vTaskRemoveFromUnorderedEventList
                0x000000000800f92c                vTaskSetTimeOutState
                0x000000000800f978                vTaskInternalSetTimeOutState
                0x000000000800f9a4                xTaskCheckForTimeOut
                0x000000000800fa64                vTaskMissedYield
                0x000000000800fa7c                uxTaskGetTaskNumber
                0x000000000800faa8                vTaskSetTaskNumber
                0x000000000800fbd4                vTaskGetInfo
                0x000000000800fe24                xTaskGetCurrentTaskHandle
                0x000000000800fe44                xTaskGetSchedulerState
                0x000000000800fe80                xTaskPriorityInherit
                0x000000000800ff8c                xTaskPriorityDisinherit
                0x0000000008010094                vTaskPriorityDisinheritAfterTimeout
                0x000000000801021a                vTaskList
                0x000000000801034c                vTaskGetRunTimeStats
                0x0000000008010454                vTaskGetCurrentCounterValue
                0x00000000080104f8                uxTaskResetEventItemValue
                0x0000000008010528                pvTaskIncrementMutexHeldCount
                0x0000000008010550                ulTaskNotifyTake
                0x00000000080105e0                xTaskNotifyWait
                0x0000000008010694                xTaskGenericNotify
                0x00000000080107d4                xTaskGenericNotifyFromISR
                0x0000000008010960                vTaskNotifyGiveFromISR
                0x0000000008010a80                xTaskNotifyStateClear
 .text          0x0000000008010b98      0x160 Src/CLI.o
                0x0000000008010b98                CLIPutChar
                0x0000000008010bcc                CLIPutString
                0x0000000008010c20                CLIGetChar
                0x0000000008010c64                StartTerminalTask
 .text          0x0000000008010cf8      0x1c8 Src/EventControl.o
                0x0000000008010cf8                StartEventsProcessTask
 .text          0x0000000008010ec0      0xe30 Src/StateMachine.o
                0x0000000008010ec0                event_A1_GO
                0x0000000008010ed8                event_A2_GO
                0x0000000008010ef0                event_A3_GO
                0x0000000008010f18                event_A1_ret
                0x0000000008010f30                event_A2_ret
                0x0000000008010f48                event_A3_ret
                0x0000000008010f74                event_sp
                0x0000000008011008                event_s1
                0x0000000008011054                event_s2
                0x00000000080110a0                event_s3
                0x00000000080110ec                initStateMachine
                0x00000000080113a4                execSM_classic
                0x00000000080114a4                execSM_otm
                0x00000000080115d8                calc_beneficio
                0x00000000080117dc                troca_trans
                0x0000000008011806                Otimiza
                0x00000000080118fc                StartStateMachineTask
                0x0000000008011a68                StartOptimizerTask
                0x0000000008011c8c                HAL_GPIO_EXTI_Callback
 .text          0x0000000008011cf0      0x4b0 Src/SysControl.o
                0x0000000008011cf0                getSystemParameters
                0x0000000008011d1c                setSpeakerPeriod
                0x0000000008011d44                setCustoPeca
                0x0000000008011d64                setReceitaB2
                0x0000000008011d84                setReceitaB3
                0x0000000008011da4                setPeriodoB2
                0x0000000008011dc4                setPeriodoB3
                0x0000000008011de4                setTempoMaximo
                0x0000000008011e04                getSpeakerPeriod
                0x0000000008011e1c                getCustoPeca
                0x0000000008011e34                getReceitaB2
                0x0000000008011e4c                getReceitaB3
                0x0000000008011e64                getPeriodoB2
                0x0000000008011e7c                getPeriodoB3
                0x0000000008011e94                getTempoMaximo
                0x0000000008011eac                getSystemTime
                0x0000000008011ec4                addSystemTime
                0x0000000008011f10                addPieces
                0x0000000008011fa8                changeMode
                0x0000000008012098                powerOnStateMachine
                0x0000000008012104                PowerOffStateMachine
                0x0000000008012154                StartSystemControlTask
 .text          0x00000000080121a0      0x1e0 Src/freertos.o
                0x00000000080121a0                vApplicationGetIdleTaskMemory
                0x00000000080121d4                MX_FREERTOS_Init
                0x0000000008012350                StartDefaultTask
                0x0000000008012360                StartblinkLedTask
 .text          0x0000000008012380      0x14c Src/gpio.o
                0x0000000008012380                MX_GPIO_Init
 .text          0x00000000080124cc      0x20c Src/main.o
                0x00000000080124cc                main
                0x00000000080124ee                ConfigureSystemParameters
                0x0000000008012526                SystemClock_Config
                0x0000000008012600                HAL_TIM_PeriodElapsedCallback
                0x00000000080126c8                Error_Handler
 .text          0x00000000080126d8      0x8c4 Src/monitor.o
                0x00000000080126d8                vGetTimerForRunTimeStats
                0x00000000080126f0                MonitorPutChar
                0x0000000008012724                vConfigureTimerForRunTimeStats
                0x0000000008012730                MonitorPutString
                0x0000000008012784                MonitorGetChar
                0x00000000080127c8                StartMonitorTask
 .text          0x0000000008012f9c      0x3d4 Src/printf-stdarg.o
                0x0000000008012f9c                printchar
                0x0000000008012fd0                prints
                0x0000000008013080                printi
                0x0000000008013158                print
                0x000000000801331c                printf_UART
                0x0000000008013344                sprintf
 .text          0x0000000008013370       0x58 Src/stm32f4xx_hal_msp.o
                0x0000000008013370                HAL_MspInit
 .text          0x00000000080133c8       0xfc Src/stm32f4xx_hal_timebase_tim.o
                0x00000000080133c8                HAL_InitTick
                0x000000000801347c                HAL_SuspendTick
                0x00000000080134a0                HAL_ResumeTick
 .text          0x00000000080134c4       0xe4 Src/stm32f4xx_it.o
                0x00000000080134c4                NMI_Handler
                0x00000000080134d2                HardFault_Handler
                0x00000000080134d8                MemManage_Handler
                0x00000000080134de                BusFault_Handler
                0x00000000080134e4                UsageFault_Handler
                0x00000000080134ea                DebugMon_Handler
                0x00000000080134f8                EXTI0_IRQHandler
                0x0000000008013506                EXTI1_IRQHandler
                0x0000000008013514                EXTI2_IRQHandler
                0x0000000008013522                EXTI3_IRQHandler
                0x0000000008013530                TIM2_IRQHandler
                0x0000000008013544                USART2_IRQHandler
                0x0000000008013558                USART3_IRQHandler
                0x000000000801356c                TIM8_TRG_COM_TIM14_IRQHandler
                0x0000000008013580                TIM5_IRQHandler
                0x0000000008013594                TIM6_DAC_IRQHandler
 .text          0x00000000080135a8      0x160 Src/system_stm32f4xx.o
                0x00000000080135a8                SystemInit
                0x0000000008013614                SystemCoreClockUpdate
 .text          0x0000000008013708      0x318 Src/tim.o
                0x0000000008013708                MX_TIM2_Init
                0x00000000080137c8                MX_TIM5_Init
                0x000000000801387c                MX_TIM6_Init
                0x00000000080138e8                HAL_TIM_Base_MspInit
                0x00000000080139ac                HAL_TIM_Base_MspDeInit
 .text          0x0000000008013a20      0x358 Src/usart.o
                0x0000000008013a20                MX_USART2_UART_Init
                0x0000000008013a74                MX_USART3_UART_Init
                0x0000000008013ac8                HAL_UART_MspInit
                0x0000000008013be4                HAL_UART_MspDeInit
                0x0000000008013c54                HAL_UART_RxCpltCallback
                0x0000000008013cec                HAL_UART_TxCpltCallback
 .text          0x0000000008013d78       0x10 /opt/Atollic_TrueSTUDIO_for_STM32_x86_64_9.2.0/ARMTools/bin/../lib/gcc/arm-atollic-eabi/6.3.1/../../../../arm-atollic-eabi/lib/armv7e-m/fpu/libc_nano.a(lib_a-strlen.o)
                0x0000000008013d78                strlen
 .text          0x0000000008013d88      0x370 /opt/Atollic_TrueSTUDIO_for_STM32_x86_64_9.2.0/ARMTools/bin/../lib/gcc/arm-atollic-eabi/6.3.1/armv7e-m/fpu/libgcc.a(_arm_addsubdf3.o)
                0x0000000008013d88                __aeabi_drsub
                0x0000000008013d90                __aeabi_dsub
                0x0000000008013d90                __subdf3
                0x0000000008013d94                __adddf3
                0x0000000008013d94                __aeabi_dadd
                0x000000000801400c                __aeabi_ui2d
                0x000000000801400c                __floatunsidf
                0x000000000801402c                __floatsidf
                0x000000000801402c                __aeabi_i2d
                0x0000000008014050                __extendsfdf2
                0x0000000008014050                __aeabi_f2d
                0x000000000801408c                __aeabi_ul2d
                0x000000000801408c                __floatundidf
                0x000000000801409c                __floatdidf
                0x000000000801409c                __aeabi_l2d
 .text          0x00000000080140f8      0x424 /opt/Atollic_TrueSTUDIO_for_STM32_x86_64_9.2.0/ARMTools/bin/../lib/gcc/arm-atollic-eabi/6.3.1/armv7e-m/fpu/libgcc.a(_arm_muldivdf3.o)
                0x00000000080140f8                __aeabi_dmul
                0x00000000080140f8                __muldf3
                0x000000000801434c                __aeabi_ddiv
                0x000000000801434c                __divdf3
 .text          0x000000000801451c       0xa0 /opt/Atollic_TrueSTUDIO_for_STM32_x86_64_9.2.0/ARMTools/bin/../lib/gcc/arm-atollic-eabi/6.3.1/armv7e-m/fpu/libgcc.a(_arm_truncdfsf2.o)
                0x000000000801451c                __aeabi_d2f
                0x000000000801451c                __truncdfsf2
 .text          0x00000000080145bc       0x30 /opt/Atollic_TrueSTUDIO_for_STM32_x86_64_9.2.0/ARMTools/bin/../lib/gcc/arm-atollic-eabi/6.3.1/armv7e-m/fpu/libgcc.a(_aeabi_uldivmod.o)
                0x00000000080145bc                __aeabi_uldivmod
 .text          0x00000000080145ec      0x2dc /opt/Atollic_TrueSTUDIO_for_STM32_x86_64_9.2.0/ARMTools/bin/../lib/gcc/arm-atollic-eabi/6.3.1/armv7e-m/fpu/libgcc.a(_udivmoddi4.o)
                0x00000000080145ec                __udivmoddi4
 .text          0x00000000080148c8        0x4 /opt/Atollic_TrueSTUDIO_for_STM32_x86_64_9.2.0/ARMTools/bin/../lib/gcc/arm-atollic-eabi/6.3.1/armv7e-m/fpu/libgcc.a(_dvmd_tls.o)
                0x00000000080148c8                __aeabi_ldiv0
                0x00000000080148c8                __aeabi_idiv0
 *(.text*)
 .text.Reset_Handler
                0x00000000080148cc       0x50 startup/startup_stm32f446xx.o
                0x00000000080148cc                Reset_Handler
 .text.Default_Handler
                0x000000000801491c        0x2 startup/startup_stm32f446xx.o
                0x000000000801491c                RTC_Alarm_IRQHandler
                0x000000000801491c                TIM8_CC_IRQHandler
                0x000000000801491c                FMPI2C1_EV_IRQHandler
                0x000000000801491c                SPI4_IRQHandler
                0x000000000801491c                TIM1_CC_IRQHandler
                0x000000000801491c                DMA2_Stream5_IRQHandler
                0x000000000801491c                DMA1_Stream5_IRQHandler
                0x000000000801491c                PVD_IRQHandler
                0x000000000801491c                SDIO_IRQHandler
                0x000000000801491c                TAMP_STAMP_IRQHandler
                0x000000000801491c                CAN2_RX1_IRQHandler
                0x000000000801491c                TIM1_UP_TIM10_IRQHandler
                0x000000000801491c                TIM8_UP_TIM13_IRQHandler
                0x000000000801491c                I2C3_ER_IRQHandler
                0x000000000801491c                I2C2_EV_IRQHandler
                0x000000000801491c                DMA1_Stream2_IRQHandler
                0x000000000801491c                CAN1_RX0_IRQHandler
                0x000000000801491c                FPU_IRQHandler
                0x000000000801491c                OTG_HS_WKUP_IRQHandler
                0x000000000801491c                CAN2_SCE_IRQHandler
                0x000000000801491c                DMA2_Stream2_IRQHandler
                0x000000000801491c                SPI1_IRQHandler
                0x000000000801491c                TIM1_BRK_TIM9_IRQHandler
                0x000000000801491c                DCMI_IRQHandler
                0x000000000801491c                CAN2_RX0_IRQHandler
                0x000000000801491c                DMA2_Stream3_IRQHandler
                0x000000000801491c                SAI2_IRQHandler
                0x000000000801491c                USART6_IRQHandler
                0x000000000801491c                CAN1_RX1_IRQHandler
                0x000000000801491c                UART5_IRQHandler
                0x000000000801491c                DMA2_Stream0_IRQHandler
                0x000000000801491c                TIM4_IRQHandler
                0x000000000801491c                QUADSPI_IRQHandler
                0x000000000801491c                I2C1_EV_IRQHandler
                0x000000000801491c                DMA1_Stream6_IRQHandler
                0x000000000801491c                DMA1_Stream1_IRQHandler
                0x000000000801491c                UART4_IRQHandler
                0x000000000801491c                TIM3_IRQHandler
                0x000000000801491c                RCC_IRQHandler
                0x000000000801491c                TIM8_BRK_TIM12_IRQHandler
                0x000000000801491c                Default_Handler
                0x000000000801491c                CEC_IRQHandler
                0x000000000801491c                EXTI15_10_IRQHandler
                0x000000000801491c                ADC_IRQHandler
                0x000000000801491c                DMA1_Stream7_IRQHandler
                0x000000000801491c                TIM7_IRQHandler
                0x000000000801491c                CAN2_TX_IRQHandler
                0x000000000801491c                DMA2_Stream7_IRQHandler
                0x000000000801491c                I2C3_EV_IRQHandler
                0x000000000801491c                EXTI9_5_IRQHandler
                0x000000000801491c                RTC_WKUP_IRQHandler
                0x000000000801491c                SPDIF_RX_IRQHandler
                0x000000000801491c                SPI2_IRQHandler
                0x000000000801491c                OTG_HS_EP1_IN_IRQHandler
                0x000000000801491c                DMA1_Stream0_IRQHandler
                0x000000000801491c                CAN1_TX_IRQHandler
                0x000000000801491c                FMPI2C1_ER_IRQHandler
                0x000000000801491c                EXTI4_IRQHandler
                0x000000000801491c                OTG_HS_EP1_OUT_IRQHandler
                0x000000000801491c                WWDG_IRQHandler
                0x000000000801491c                OTG_FS_WKUP_IRQHandler
                0x000000000801491c                TIM1_TRG_COM_TIM11_IRQHandler
                0x000000000801491c                OTG_HS_IRQHandler
                0x000000000801491c                I2C2_ER_IRQHandler
                0x000000000801491c                DMA2_Stream1_IRQHandler
                0x000000000801491c                CAN1_SCE_IRQHandler
                0x000000000801491c                FLASH_IRQHandler
                0x000000000801491c                DMA2_Stream4_IRQHandler
                0x000000000801491c                USART1_IRQHandler
                0x000000000801491c                OTG_FS_IRQHandler
                0x000000000801491c                SPI3_IRQHandler
                0x000000000801491c                DMA1_Stream4_IRQHandler
                0x000000000801491c                I2C1_ER_IRQHandler
                0x000000000801491c                FMC_IRQHandler
                0x000000000801491c                DMA2_Stream6_IRQHandler
                0x000000000801491c                SAI1_IRQHandler
                0x000000000801491c                DMA1_Stream3_IRQHandler
 *fill*         0x000000000801491e        0x2 
 .text.__libc_init_array
                0x0000000008014920       0x48 /opt/Atollic_TrueSTUDIO_for_STM32_x86_64_9.2.0/ARMTools/bin/../lib/gcc/arm-atollic-eabi/6.3.1/../../../../arm-atollic-eabi/lib/armv7e-m/fpu/libc_nano.a(lib_a-init.o)
                0x0000000008014920                __libc_init_array
 .text.memcpy   0x0000000008014968       0x16 /opt/Atollic_TrueSTUDIO_for_STM32_x86_64_9.2.0/ARMTools/bin/../lib/gcc/arm-atollic-eabi/6.3.1/../../../../arm-atollic-eabi/lib/armv7e-m/fpu/libc_nano.a(lib_a-memcpy-stub.o)
                0x0000000008014968                memcpy
 .text.memset   0x000000000801497e       0x10 /opt/Atollic_TrueSTUDIO_for_STM32_x86_64_9.2.0/ARMTools/bin/../lib/gcc/arm-atollic-eabi/6.3.1/../../../../arm-atollic-eabi/lib/armv7e-m/fpu/libc_nano.a(lib_a-memset.o)
                0x000000000801497e                memset
 .text.strcpy   0x000000000801498e       0x10 /opt/Atollic_TrueSTUDIO_for_STM32_x86_64_9.2.0/ARMTools/bin/../lib/gcc/arm-atollic-eabi/6.3.1/../../../../arm-atollic-eabi/lib/armv7e-m/fpu/libc_nano.a(lib_a-strcpy.o)
                0x000000000801498e                strcpy
 *fill*         0x000000000801499e        0x2 
 .text.trunc    0x00000000080149a0       0x6c /opt/Atollic_TrueSTUDIO_for_STM32_x86_64_9.2.0/ARMTools/bin/../lib/gcc/arm-atollic-eabi/6.3.1/../../../../arm-atollic-eabi/lib/armv7e-m/fpu/libm.a(lib_a-s_trunc.o)
                0x00000000080149a0                trunc
 *(.glue_7)
 .glue_7        0x0000000008014a0c        0x0 linker stubs
 *(.glue_7t)
 .glue_7t       0x0000000008014a0c        0x0 linker stubs
 *(.eh_frame)
 .eh_frame      0x0000000008014a0c        0x0 /opt/Atollic_TrueSTUDIO_for_STM32_x86_64_9.2.0/ARMTools/bin/../lib/gcc/arm-atollic-eabi/6.3.1/armv7e-m/fpu/crtbegin.o
 *(.init)
 .init          0x0000000008014a0c        0x4 /opt/Atollic_TrueSTUDIO_for_STM32_x86_64_9.2.0/ARMTools/bin/../lib/gcc/arm-atollic-eabi/6.3.1/armv7e-m/fpu/crti.o
                0x0000000008014a0c                _init
 .init          0x0000000008014a10        0x8 /opt/Atollic_TrueSTUDIO_for_STM32_x86_64_9.2.0/ARMTools/bin/../lib/gcc/arm-atollic-eabi/6.3.1/armv7e-m/fpu/crtn.o
 *(.fini)
 .fini          0x0000000008014a18        0x4 /opt/Atollic_TrueSTUDIO_for_STM32_x86_64_9.2.0/ARMTools/bin/../lib/gcc/arm-atollic-eabi/6.3.1/armv7e-m/fpu/crti.o
                0x0000000008014a18                _fini
 .fini          0x0000000008014a1c        0x8 /opt/Atollic_TrueSTUDIO_for_STM32_x86_64_9.2.0/ARMTools/bin/../lib/gcc/arm-atollic-eabi/6.3.1/armv7e-m/fpu/crtn.o
                0x0000000008014a24                . = ALIGN (0x4)
                0x0000000008014a24                _etext = .

.vfp11_veneer   0x0000000008014a24        0x0
 .vfp11_veneer  0x0000000008014a24        0x0 linker stubs

.v4_bx          0x0000000008014a24        0x0
 .v4_bx         0x0000000008014a24        0x0 linker stubs

.iplt           0x0000000008014a24        0x0
 .iplt          0x0000000008014a24        0x0 /opt/Atollic_TrueSTUDIO_for_STM32_x86_64_9.2.0/ARMTools/bin/../lib/gcc/arm-atollic-eabi/6.3.1/armv7e-m/fpu/crtbegin.o

.rodata         0x0000000008014a24      0x9a0
                0x0000000008014a24                . = ALIGN (0x4)
 *(.rodata)
 .rodata        0x0000000008014a24        0x8 Drivers/STM32F4xx_HAL_Driver/Src/stm32f4xx_hal_dma.o
 .rodata        0x0000000008014a2c       0x30 Middlewares/Third_Party/FreeRTOS/Source/tasks.o
 .rodata        0x0000000008014a5c       0x28 Src/CLI.o
 .rodata        0x0000000008014a84      0x158 Src/freertos.o
 .rodata        0x0000000008014bdc      0x7c8 Src/monitor.o
 .rodata        0x00000000080153a4        0x7 Src/printf-stdarg.o
 *fill*         0x00000000080153ab        0x1 
 .rodata        0x00000000080153ac       0x18 Src/system_stm32f4xx.o
                0x00000000080153ac                AHBPrescTable
                0x00000000080153bc                APBPrescTable
 *(.rodata*)
                0x00000000080153c4                . = ALIGN (0x4)

.ARM.extab
 *(.ARM.extab* .gnu.linkonce.armextab.*)

.ARM            0x00000000080153c4        0x8
                0x00000000080153c4                __exidx_start = .
 *(.ARM.exidx*)
 .ARM.exidx     0x00000000080153c4        0x8 /opt/Atollic_TrueSTUDIO_for_STM32_x86_64_9.2.0/ARMTools/bin/../lib/gcc/arm-atollic-eabi/6.3.1/armv7e-m/fpu/libgcc.a(_udivmoddi4.o)
                0x00000000080153cc                __exidx_end = .

.rel.dyn        0x00000000080153cc        0x0
 .rel.iplt      0x00000000080153cc        0x0 /opt/Atollic_TrueSTUDIO_for_STM32_x86_64_9.2.0/ARMTools/bin/../lib/gcc/arm-atollic-eabi/6.3.1/armv7e-m/fpu/crtbegin.o

.preinit_array  0x00000000080153cc        0x0
                0x00000000080153cc                PROVIDE (__preinit_array_start, .)
 *(.preinit_array*)
                0x00000000080153cc                PROVIDE (__preinit_array_end, .)

.init_array     0x00000000080153cc        0x4
                0x00000000080153cc                PROVIDE (__init_array_start, .)
 *(SORT(.init_array.*))
 *(.init_array*)
 .init_array    0x00000000080153cc        0x4 /opt/Atollic_TrueSTUDIO_for_STM32_x86_64_9.2.0/ARMTools/bin/../lib/gcc/arm-atollic-eabi/6.3.1/armv7e-m/fpu/crtbegin.o
                0x00000000080153d0                PROVIDE (__init_array_end, .)

.fini_array     0x00000000080153d0        0x4
                [!provide]                        PROVIDE (__fini_array_start, .)
 *(SORT(.fini_array.*))
 *(.fini_array*)
 .fini_array    0x00000000080153d0        0x4 /opt/Atollic_TrueSTUDIO_for_STM32_x86_64_9.2.0/ARMTools/bin/../lib/gcc/arm-atollic-eabi/6.3.1/armv7e-m/fpu/crtbegin.o
                [!provide]                        PROVIDE (__fini_array_end, .)
                0x00000000080153d4                _sidata = LOADADDR (.data)

.data           0x0000000020000000       0x10 load address 0x00000000080153d4
                0x0000000020000000                . = ALIGN (0x4)
                0x0000000020000000                _sdata = .
 *(.data)
 .data          0x0000000020000000        0x5 Drivers/STM32F4xx_HAL_Driver/Src/stm32f4xx_hal.o
                0x0000000020000000                uwTickPrio
                0x0000000020000004                uwTickFreq
 *fill*         0x0000000020000005        0x3 
 .data          0x0000000020000008        0x4 Middlewares/Third_Party/FreeRTOS/Source/portable/GCC/ARM_CM4F/port.o
 .data          0x000000002000000c        0x4 Src/system_stm32f4xx.o
                0x000000002000000c                SystemCoreClock
 *(.data*)
                0x0000000020000010                . = ALIGN (0x4)
                0x0000000020000010                _edata = .

.igot.plt       0x0000000020000010        0x0 load address 0x00000000080153e4
 .igot.plt      0x0000000020000010        0x0 /opt/Atollic_TrueSTUDIO_for_STM32_x86_64_9.2.0/ARMTools/bin/../lib/gcc/arm-atollic-eabi/6.3.1/armv7e-m/fpu/crtbegin.o
                0x0000000020000010                . = ALIGN (0x4)

.bss            0x0000000020000010     0x4470 load address 0x00000000080153e4
                0x0000000020000010                _sbss = .
                0x0000000020000010                __bss_start__ = _sbss
 *(.bss)
 .bss           0x0000000020000010       0x1c /opt/Atollic_TrueSTUDIO_for_STM32_x86_64_9.2.0/ARMTools/bin/../lib/gcc/arm-atollic-eabi/6.3.1/armv7e-m/fpu/crtbegin.o
 .bss           0x000000002000002c        0x8 Middlewares/Third_Party/FreeRTOS/Source/portable/GCC/ARM_CM4F/port.o
 .bss           0x0000000020000034     0x3c18 Middlewares/Third_Party/FreeRTOS/Source/portable/MemMang/heap_4.o
 .bss           0x0000000020003c4c      0x134 Middlewares/Third_Party/FreeRTOS/Source/tasks.o
                0x0000000020003c4c                pxCurrentTCB
 .bss           0x0000000020003d80        0x4 Src/StateMachine.o
                0x0000000020003d80                ComSup2Otm
 .bss           0x0000000020003d84        0x4 Src/SysControl.o
                0x0000000020003d84                system_time
 .bss           0x0000000020003d88      0x260 Src/freertos.o
 .bss           0x0000000020003fe8        0x8 Src/monitor.o
                0x0000000020003fe8                qMonitor
                0x0000000020003fec                ulHighFrequencyTimerTicks
 *(.bss*)
 *(COMMON)
 COMMON         0x0000000020003ff0        0x4 Drivers/STM32F4xx_HAL_Driver/Src/stm32f4xx_hal.o
                0x0000000020003ff0                uwTick
 COMMON         0x0000000020003ff4       0x40 Middlewares/Third_Party/FreeRTOS/Source/queue.o
                0x0000000020003ff4                xQueueRegistry
 COMMON         0x0000000020004034       0x10 Src/CLI.o
                0x0000000020004034                semtxUSART3
                0x0000000020004038                semtxUSART2
                0x000000002000403c                CLIReceptEvent
                0x0000000020004040                MonitorReceptEvent
 COMMON         0x0000000020004044        0x4 Src/EventControl.o
                0x0000000020004044                semEventControl
 COMMON         0x0000000020004048      0x1f8 Src/StateMachine.o
                0x0000000020004048                BancoDeEnsaios_sm
                0x00000000200041ec                inOtm
                0x00000000200041f0                exec_func
                0x00000000200041f4                qB2
                0x00000000200041f8                optimizable_events
                0x0000000020004208                n_opt_events
                0x000000002000420c                qB3
                0x0000000020004210                qB1
                0x0000000020004214                beneficio
                0x0000000020004218                new_state
                0x000000002000421c                i
                0x000000002000421d                num_optimizable_events
                0x0000000020004220                conjunto
                0x0000000020004224                semBlocking
                0x0000000020004228                ChangeB1
                0x000000002000422c                esteira
                0x0000000020004234                n_events
                0x0000000020004238                buf
                0x000000002000423c                ChangeSmMutex
 COMMON         0x0000000020004240       0x24 Src/SysControl.o
                0x0000000020004240                semSystemControl
                0x0000000020004244                actual_mode
                0x0000000020004245                powerMode
                0x0000000020004248                parameters
 COMMON         0x0000000020004264       0x24 Src/freertos.o
                0x0000000020004264                defaultTaskHandle
                0x0000000020004268                SystemControlTaHandle
                0x000000002000426c                StateMachineTasHandle
                0x0000000020004270                EventsProcessTaHandle
                0x0000000020004274                TerminalTaskHandle
                0x0000000020004278                blinkLedTaskHandle
                0x000000002000427c                OptimizerTaskHandle
                0x0000000020004280                osThreadDef
                0x0000000020004284                MonitorHandle
 COMMON         0x0000000020004288       0x78 Src/monitor.o
                0x0000000020004288                str
 COMMON         0x0000000020004300       0x40 Src/stm32f4xx_hal_timebase_tim.o
                0x0000000020004300                htim14
 COMMON         0x0000000020004340       0xc0 Src/tim.o
                0x0000000020004340                htim5
                0x0000000020004380                htim6
                0x00000000200043c0                htim2
 COMMON         0x0000000020004400       0x80 Src/usart.o
                0x0000000020004400                huart3
                0x0000000020004440                huart2
                0x0000000020004480                . = ALIGN (0x4)
                0x0000000020004480                _ebss = .
                0x0000000020004480                __bss_end__ = _ebss

._user_heap_stack
                0x0000000020004480      0x600 load address 0x00000000080153e4
                0x0000000020004480                . = ALIGN (0x4)
                0x0000000020004480                PROVIDE (end, .)
                [!provide]                        PROVIDE (_end, .)
                0x0000000020004680                . = (. + _Min_Heap_Size)
 *fill*         0x0000000020004480      0x200 
                0x0000000020004a80                . = (. + _Min_Stack_Size)
 *fill*         0x0000000020004680      0x400 
                0x0000000020004a80                . = ALIGN (0x4)

/DISCARD/
 libc.a(*)
 libm.a(*)
 libgcc.a(*)

.ARM.attributes
                0x0000000000000000       0x30
 *(.ARM.attributes)
 .ARM.attributes
                0x0000000000000000       0x22 /opt/Atollic_TrueSTUDIO_for_STM32_x86_64_9.2.0/ARMTools/bin/../lib/gcc/arm-atollic-eabi/6.3.1/armv7e-m/fpu/crti.o
 .ARM.attributes
                0x0000000000000022       0x34 /opt/Atollic_TrueSTUDIO_for_STM32_x86_64_9.2.0/ARMTools/bin/../lib/gcc/arm-atollic-eabi/6.3.1/armv7e-m/fpu/crtbegin.o
 .ARM.attributes
                0x0000000000000056       0x39 Drivers/STM32F4xx_HAL_Driver/Src/stm32f4xx_hal.o
 .ARM.attributes
                0x000000000000008f       0x39 Drivers/STM32F4xx_HAL_Driver/Src/stm32f4xx_hal_cortex.o
 .ARM.attributes
                0x00000000000000c8       0x39 Drivers/STM32F4xx_HAL_Driver/Src/stm32f4xx_hal_dma.o
 .ARM.attributes
                0x0000000000000101       0x39 Drivers/STM32F4xx_HAL_Driver/Src/stm32f4xx_hal_gpio.o
 .ARM.attributes
                0x000000000000013a       0x39 Drivers/STM32F4xx_HAL_Driver/Src/stm32f4xx_hal_rcc.o
 .ARM.attributes
                0x0000000000000173       0x39 Drivers/STM32F4xx_HAL_Driver/Src/stm32f4xx_hal_rcc_ex.o
 .ARM.attributes
                0x00000000000001ac       0x39 Drivers/STM32F4xx_HAL_Driver/Src/stm32f4xx_hal_tim.o
 .ARM.attributes
                0x00000000000001e5       0x39 Drivers/STM32F4xx_HAL_Driver/Src/stm32f4xx_hal_tim_ex.o
 .ARM.attributes
                0x000000000000021e       0x39 Drivers/STM32F4xx_HAL_Driver/Src/stm32f4xx_hal_uart.o
 .ARM.attributes
                0x0000000000000257       0x39 Middlewares/Third_Party/FreeRTOS/Source/CMSIS_RTOS/cmsis_os.o
 .ARM.attributes
                0x0000000000000290       0x39 Middlewares/Third_Party/FreeRTOS/Source/list.o
 .ARM.attributes
                0x00000000000002c9       0x39 Middlewares/Third_Party/FreeRTOS/Source/portable/GCC/ARM_CM4F/port.o
 .ARM.attributes
                0x0000000000000302       0x39 Middlewares/Third_Party/FreeRTOS/Source/portable/MemMang/heap_4.o
 .ARM.attributes
                0x000000000000033b       0x39 Middlewares/Third_Party/FreeRTOS/Source/queue.o
 .ARM.attributes
                0x0000000000000374       0x39 Middlewares/Third_Party/FreeRTOS/Source/tasks.o
 .ARM.attributes
                0x00000000000003ad       0x39 Src/CLI.o
 .ARM.attributes
                0x00000000000003e6       0x39 Src/EventControl.o
 .ARM.attributes
                0x000000000000041f       0x39 Src/StateMachine.o
 .ARM.attributes
                0x0000000000000458       0x39 Src/SysControl.o
 .ARM.attributes
                0x0000000000000491       0x39 Src/freertos.o
 .ARM.attributes
                0x00000000000004ca       0x39 Src/gpio.o
 .ARM.attributes
                0x0000000000000503       0x39 Src/main.o
 .ARM.attributes
                0x000000000000053c       0x39 Src/monitor.o
 .ARM.attributes
                0x0000000000000575       0x39 Src/printf-stdarg.o
 .ARM.attributes
                0x00000000000005ae       0x39 Src/stm32f4xx_hal_msp.o
 .ARM.attributes
                0x00000000000005e7       0x39 Src/stm32f4xx_hal_timebase_tim.o
 .ARM.attributes
                0x0000000000000620       0x39 Src/stm32f4xx_it.o
 .ARM.attributes
                0x0000000000000659       0x39 Src/system_stm32f4xx.o
 .ARM.attributes
                0x0000000000000692       0x39 Src/tim.o
 .ARM.attributes
                0x00000000000006cb       0x39 Src/usart.o
 .ARM.attributes
                0x0000000000000704       0x21 startup/startup_stm32f446xx.o
 .ARM.attributes
                0x0000000000000725       0x34 /opt/Atollic_TrueSTUDIO_for_STM32_x86_64_9.2.0/ARMTools/bin/../lib/gcc/arm-atollic-eabi/6.3.1/../../../../arm-atollic-eabi/lib/armv7e-m/fpu/libc_nano.a(lib_a-init.o)
 .ARM.attributes
                0x0000000000000759       0x34 /opt/Atollic_TrueSTUDIO_for_STM32_x86_64_9.2.0/ARMTools/bin/../lib/gcc/arm-atollic-eabi/6.3.1/../../../../arm-atollic-eabi/lib/armv7e-m/fpu/libc_nano.a(lib_a-memcpy-stub.o)
 .ARM.attributes
                0x000000000000078d       0x34 /opt/Atollic_TrueSTUDIO_for_STM32_x86_64_9.2.0/ARMTools/bin/../lib/gcc/arm-atollic-eabi/6.3.1/../../../../arm-atollic-eabi/lib/armv7e-m/fpu/libc_nano.a(lib_a-memset.o)
 .ARM.attributes
                0x00000000000007c1       0x34 /opt/Atollic_TrueSTUDIO_for_STM32_x86_64_9.2.0/ARMTools/bin/../lib/gcc/arm-atollic-eabi/6.3.1/../../../../arm-atollic-eabi/lib/armv7e-m/fpu/libc_nano.a(lib_a-strcpy.o)
 .ARM.attributes
                0x00000000000007f5       0x1b /opt/Atollic_TrueSTUDIO_for_STM32_x86_64_9.2.0/ARMTools/bin/../lib/gcc/arm-atollic-eabi/6.3.1/../../../../arm-atollic-eabi/lib/armv7e-m/fpu/libc_nano.a(lib_a-strlen.o)
 .ARM.attributes
                0x0000000000000810       0x34 /opt/Atollic_TrueSTUDIO_for_STM32_x86_64_9.2.0/ARMTools/bin/../lib/gcc/arm-atollic-eabi/6.3.1/../../../../arm-atollic-eabi/lib/armv7e-m/fpu/libm.a(lib_a-s_trunc.o)
 .ARM.attributes
                0x0000000000000844       0x22 /opt/Atollic_TrueSTUDIO_for_STM32_x86_64_9.2.0/ARMTools/bin/../lib/gcc/arm-atollic-eabi/6.3.1/armv7e-m/fpu/libgcc.a(_arm_addsubdf3.o)
 .ARM.attributes
                0x0000000000000866       0x22 /opt/Atollic_TrueSTUDIO_for_STM32_x86_64_9.2.0/ARMTools/bin/../lib/gcc/arm-atollic-eabi/6.3.1/armv7e-m/fpu/libgcc.a(_arm_muldivdf3.o)
 .ARM.attributes
                0x0000000000000888       0x22 /opt/Atollic_TrueSTUDIO_for_STM32_x86_64_9.2.0/ARMTools/bin/../lib/gcc/arm-atollic-eabi/6.3.1/armv7e-m/fpu/libgcc.a(_arm_truncdfsf2.o)
 .ARM.attributes
                0x00000000000008aa       0x22 /opt/Atollic_TrueSTUDIO_for_STM32_x86_64_9.2.0/ARMTools/bin/../lib/gcc/arm-atollic-eabi/6.3.1/armv7e-m/fpu/libgcc.a(_aeabi_uldivmod.o)
 .ARM.attributes
                0x00000000000008cc       0x34 /opt/Atollic_TrueSTUDIO_for_STM32_x86_64_9.2.0/ARMTools/bin/../lib/gcc/arm-atollic-eabi/6.3.1/armv7e-m/fpu/libgcc.a(_udivmoddi4.o)
 .ARM.attributes
                0x0000000000000900       0x22 /opt/Atollic_TrueSTUDIO_for_STM32_x86_64_9.2.0/ARMTools/bin/../lib/gcc/arm-atollic-eabi/6.3.1/armv7e-m/fpu/libgcc.a(_dvmd_tls.o)
 .ARM.attributes
                0x0000000000000922       0x22 /opt/Atollic_TrueSTUDIO_for_STM32_x86_64_9.2.0/ARMTools/bin/../lib/gcc/arm-atollic-eabi/6.3.1/armv7e-m/fpu/crtn.o
OUTPUT(STM32F446RE_XC241.elf elf32-littlearm)

.debug_info     0x0000000000000000    0x1b5fa
 .debug_info    0x0000000000000000      0x972 Drivers/STM32F4xx_HAL_Driver/Src/stm32f4xx_hal.o
 .debug_info    0x0000000000000972      0xdf5 Drivers/STM32F4xx_HAL_Driver/Src/stm32f4xx_hal_cortex.o
 .debug_info    0x0000000000001767      0x913 Drivers/STM32F4xx_HAL_Driver/Src/stm32f4xx_hal_dma.o
 .debug_info    0x000000000000207a      0x7b1 Drivers/STM32F4xx_HAL_Driver/Src/stm32f4xx_hal_gpio.o
 .debug_info    0x000000000000282b      0x8e4 Drivers/STM32F4xx_HAL_Driver/Src/stm32f4xx_hal_rcc.o
 .debug_info    0x000000000000310f      0x983 Drivers/STM32F4xx_HAL_Driver/Src/stm32f4xx_hal_rcc_ex.o
 .debug_info    0x0000000000003a92     0x2452 Drivers/STM32F4xx_HAL_Driver/Src/stm32f4xx_hal_tim.o
 .debug_info    0x0000000000005ee4     0x1102 Drivers/STM32F4xx_HAL_Driver/Src/stm32f4xx_hal_tim_ex.o
 .debug_info    0x0000000000006fe6     0x11d3 Drivers/STM32F4xx_HAL_Driver/Src/stm32f4xx_hal_uart.o
 .debug_info    0x00000000000081b9     0x1ea9 Middlewares/Third_Party/FreeRTOS/Source/CMSIS_RTOS/cmsis_os.o
 .debug_info    0x000000000000a062      0xac8 Middlewares/Third_Party/FreeRTOS/Source/list.o
 .debug_info    0x000000000000ab2a      0x536 Middlewares/Third_Party/FreeRTOS/Source/portable/GCC/ARM_CM4F/port.o
 .debug_info    0x000000000000b060      0xbed Middlewares/Third_Party/FreeRTOS/Source/portable/MemMang/heap_4.o
 .debug_info    0x000000000000bc4d     0x1feb Middlewares/Third_Party/FreeRTOS/Source/queue.o
 .debug_info    0x000000000000dc38     0x299a Middlewares/Third_Party/FreeRTOS/Source/tasks.o
 .debug_info    0x00000000000105d2      0xa03 Src/CLI.o
 .debug_info    0x0000000000010fd5     0x1030 Src/EventControl.o
 .debug_info    0x0000000000012005     0x139b Src/StateMachine.o
 .debug_info    0x00000000000133a0      0x867 Src/SysControl.o
 .debug_info    0x0000000000013c07      0xb80 Src/freertos.o
 .debug_info    0x0000000000014787      0x6ed Src/gpio.o
 .debug_info    0x0000000000014e74     0x157c Src/main.o
 .debug_info    0x00000000000163f0     0x1588 Src/monitor.o
 .debug_info    0x0000000000017978      0x34d Src/printf-stdarg.o
 .debug_info    0x0000000000017cc5      0x588 Src/stm32f4xx_hal_msp.o
 .debug_info    0x000000000001824d      0xb2a Src/stm32f4xx_hal_timebase_tim.o
 .debug_info    0x0000000000018d77      0x94a Src/stm32f4xx_it.o
 .debug_info    0x00000000000196c1      0x539 Src/system_stm32f4xx.o
 .debug_info    0x0000000000019bfa      0xc97 Src/tim.o
 .debug_info    0x000000000001a891      0xccf Src/usart.o
 .debug_info    0x000000000001b560       0x9a startup/startup_stm32f446xx.o

.debug_abbrev   0x0000000000000000     0x3d51
 .debug_abbrev  0x0000000000000000      0x1c6 Drivers/STM32F4xx_HAL_Driver/Src/stm32f4xx_hal.o
 .debug_abbrev  0x00000000000001c6      0x2f5 Drivers/STM32F4xx_HAL_Driver/Src/stm32f4xx_hal_cortex.o
 .debug_abbrev  0x00000000000004bb      0x224 Drivers/STM32F4xx_HAL_Driver/Src/stm32f4xx_hal_dma.o
 .debug_abbrev  0x00000000000006df      0x1c4 Drivers/STM32F4xx_HAL_Driver/Src/stm32f4xx_hal_gpio.o
 .debug_abbrev  0x00000000000008a3      0x240 Drivers/STM32F4xx_HAL_Driver/Src/stm32f4xx_hal_rcc.o
 .debug_abbrev  0x0000000000000ae3      0x1b7 Drivers/STM32F4xx_HAL_Driver/Src/stm32f4xx_hal_rcc_ex.o
 .debug_abbrev  0x0000000000000c9a      0x229 Drivers/STM32F4xx_HAL_Driver/Src/stm32f4xx_hal_tim.o
 .debug_abbrev  0x0000000000000ec3      0x217 Drivers/STM32F4xx_HAL_Driver/Src/stm32f4xx_hal_tim_ex.o
 .debug_abbrev  0x00000000000010da      0x23d Drivers/STM32F4xx_HAL_Driver/Src/stm32f4xx_hal_uart.o
 .debug_abbrev  0x0000000000001317      0x383 Middlewares/Third_Party/FreeRTOS/Source/CMSIS_RTOS/cmsis_os.o
 .debug_abbrev  0x000000000000169a      0x1cc Middlewares/Third_Party/FreeRTOS/Source/list.o
 .debug_abbrev  0x0000000000001866      0x20d Middlewares/Third_Party/FreeRTOS/Source/portable/GCC/ARM_CM4F/port.o
 .debug_abbrev  0x0000000000001a73      0x29b Middlewares/Third_Party/FreeRTOS/Source/portable/MemMang/heap_4.o
 .debug_abbrev  0x0000000000001d0e      0x351 Middlewares/Third_Party/FreeRTOS/Source/queue.o
 .debug_abbrev  0x000000000000205f      0x34d Middlewares/Third_Party/FreeRTOS/Source/tasks.o
 .debug_abbrev  0x00000000000023ac      0x1da Src/CLI.o
 .debug_abbrev  0x0000000000002586      0x1fa Src/EventControl.o
 .debug_abbrev  0x0000000000002780      0x2d2 Src/StateMachine.o
 .debug_abbrev  0x0000000000002a52      0x1c5 Src/SysControl.o
 .debug_abbrev  0x0000000000002c17      0x19d Src/freertos.o
 .debug_abbrev  0x0000000000002db4      0x138 Src/gpio.o
 .debug_abbrev  0x0000000000002eec      0x23b Src/main.o
 .debug_abbrev  0x0000000000003127      0x290 Src/monitor.o
 .debug_abbrev  0x00000000000033b7      0x118 Src/printf-stdarg.o
 .debug_abbrev  0x00000000000034cf      0x10d Src/stm32f4xx_hal_msp.o
 .debug_abbrev  0x00000000000035dc      0x196 Src/stm32f4xx_hal_timebase_tim.o
 .debug_abbrev  0x0000000000003772      0x16b Src/stm32f4xx_it.o
 .debug_abbrev  0x00000000000038dd      0x10e Src/system_stm32f4xx.o
 .debug_abbrev  0x00000000000039eb      0x1a6 Src/tim.o
 .debug_abbrev  0x0000000000003b91      0x1ae Src/usart.o
 .debug_abbrev  0x0000000000003d3f       0x12 startup/startup_stm32f446xx.o

.debug_aranges  0x0000000000000000      0x3e8
 .debug_aranges
                0x0000000000000000       0x20 Drivers/STM32F4xx_HAL_Driver/Src/stm32f4xx_hal.o
 .debug_aranges
                0x0000000000000020       0x20 Drivers/STM32F4xx_HAL_Driver/Src/stm32f4xx_hal_cortex.o
 .debug_aranges
                0x0000000000000040       0x20 Drivers/STM32F4xx_HAL_Driver/Src/stm32f4xx_hal_dma.o
 .debug_aranges
                0x0000000000000060       0x20 Drivers/STM32F4xx_HAL_Driver/Src/stm32f4xx_hal_gpio.o
 .debug_aranges
                0x0000000000000080       0x20 Drivers/STM32F4xx_HAL_Driver/Src/stm32f4xx_hal_rcc.o
 .debug_aranges
                0x00000000000000a0       0x20 Drivers/STM32F4xx_HAL_Driver/Src/stm32f4xx_hal_rcc_ex.o
 .debug_aranges
                0x00000000000000c0       0x20 Drivers/STM32F4xx_HAL_Driver/Src/stm32f4xx_hal_tim.o
 .debug_aranges
                0x00000000000000e0       0x20 Drivers/STM32F4xx_HAL_Driver/Src/stm32f4xx_hal_tim_ex.o
 .debug_aranges
                0x0000000000000100       0x20 Drivers/STM32F4xx_HAL_Driver/Src/stm32f4xx_hal_uart.o
 .debug_aranges
                0x0000000000000120       0x20 Middlewares/Third_Party/FreeRTOS/Source/CMSIS_RTOS/cmsis_os.o
 .debug_aranges
                0x0000000000000140       0x20 Middlewares/Third_Party/FreeRTOS/Source/list.o
 .debug_aranges
                0x0000000000000160       0x20 Middlewares/Third_Party/FreeRTOS/Source/portable/GCC/ARM_CM4F/port.o
 .debug_aranges
                0x0000000000000180       0x20 Middlewares/Third_Party/FreeRTOS/Source/portable/MemMang/heap_4.o
 .debug_aranges
                0x00000000000001a0       0x20 Middlewares/Third_Party/FreeRTOS/Source/queue.o
 .debug_aranges
                0x00000000000001c0       0x20 Middlewares/Third_Party/FreeRTOS/Source/tasks.o
 .debug_aranges
                0x00000000000001e0       0x20 Src/CLI.o
 .debug_aranges
                0x0000000000000200       0x20 Src/EventControl.o
 .debug_aranges
                0x0000000000000220       0x20 Src/StateMachine.o
 .debug_aranges
                0x0000000000000240       0x20 Src/SysControl.o
 .debug_aranges
                0x0000000000000260       0x20 Src/freertos.o
 .debug_aranges
                0x0000000000000280       0x20 Src/gpio.o
 .debug_aranges
                0x00000000000002a0       0x20 Src/main.o
 .debug_aranges
                0x00000000000002c0       0x20 Src/monitor.o
 .debug_aranges
                0x00000000000002e0       0x20 Src/printf-stdarg.o
 .debug_aranges
                0x0000000000000300       0x20 Src/stm32f4xx_hal_msp.o
 .debug_aranges
                0x0000000000000320       0x20 Src/stm32f4xx_hal_timebase_tim.o
 .debug_aranges
                0x0000000000000340       0x20 Src/stm32f4xx_it.o
 .debug_aranges
                0x0000000000000360       0x20 Src/system_stm32f4xx.o
 .debug_aranges
                0x0000000000000380       0x20 Src/tim.o
 .debug_aranges
                0x00000000000003a0       0x20 Src/usart.o
 .debug_aranges
                0x00000000000003c0       0x28 startup/startup_stm32f446xx.o

.debug_line     0x0000000000000000     0x87cb
 .debug_line    0x0000000000000000      0x290 Drivers/STM32F4xx_HAL_Driver/Src/stm32f4xx_hal.o
 .debug_line    0x0000000000000290      0x36f Drivers/STM32F4xx_HAL_Driver/Src/stm32f4xx_hal_cortex.o
 .debug_line    0x00000000000005ff      0x426 Drivers/STM32F4xx_HAL_Driver/Src/stm32f4xx_hal_dma.o
 .debug_line    0x0000000000000a25      0x37c Drivers/STM32F4xx_HAL_Driver/Src/stm32f4xx_hal_gpio.o
 .debug_line    0x0000000000000da1      0x3d4 Drivers/STM32F4xx_HAL_Driver/Src/stm32f4xx_hal_rcc.o
 .debug_line    0x0000000000001175      0x58b Drivers/STM32F4xx_HAL_Driver/Src/stm32f4xx_hal_rcc_ex.o
 .debug_line    0x0000000000001700      0xe78 Drivers/STM32F4xx_HAL_Driver/Src/stm32f4xx_hal_tim.o
 .debug_line    0x0000000000002578      0x63e Drivers/STM32F4xx_HAL_Driver/Src/stm32f4xx_hal_tim_ex.o
 .debug_line    0x0000000000002bb6      0x855 Drivers/STM32F4xx_HAL_Driver/Src/stm32f4xx_hal_uart.o
 .debug_line    0x000000000000340b      0x639 Middlewares/Third_Party/FreeRTOS/Source/CMSIS_RTOS/cmsis_os.o
 .debug_line    0x0000000000003a44      0x2fb Middlewares/Third_Party/FreeRTOS/Source/list.o
 .debug_line    0x0000000000003d3f      0x314 Middlewares/Third_Party/FreeRTOS/Source/portable/GCC/ARM_CM4F/port.o
 .debug_line    0x0000000000004053      0x37c Middlewares/Third_Party/FreeRTOS/Source/portable/MemMang/heap_4.o
 .debug_line    0x00000000000043cf      0xa70 Middlewares/Third_Party/FreeRTOS/Source/queue.o
 .debug_line    0x0000000000004e3f      0xce5 Middlewares/Third_Party/FreeRTOS/Source/tasks.o
 .debug_line    0x0000000000005b24      0x31b Src/CLI.o
 .debug_line    0x0000000000005e3f      0x386 Src/EventControl.o
 .debug_line    0x00000000000061c5      0x53b Src/StateMachine.o
 .debug_line    0x0000000000006700      0x2f1 Src/SysControl.o
 .debug_line    0x00000000000069f1      0x358 Src/freertos.o
 .debug_line    0x0000000000006d49      0x1e1 Src/gpio.o
 .debug_line    0x0000000000006f2a      0x3da Src/main.o
 .debug_line    0x0000000000007304      0x4a3 Src/monitor.o
 .debug_line    0x00000000000077a7      0x1dc Src/printf-stdarg.o
 .debug_line    0x0000000000007983      0x199 Src/stm32f4xx_hal_msp.o
 .debug_line    0x0000000000007b1c      0x23c Src/stm32f4xx_hal_timebase_tim.o
 .debug_line    0x0000000000007d58      0x254 Src/stm32f4xx_it.o
 .debug_line    0x0000000000007fac      0x1b6 Src/system_stm32f4xx.o
 .debug_line    0x0000000000008162      0x277 Src/tim.o
 .debug_line    0x00000000000083d9      0x373 Src/usart.o
 .debug_line    0x000000000000874c       0x7f startup/startup_stm32f446xx.o

.debug_str      0x0000000000000000     0x6e6f
 .debug_str     0x0000000000000000      0xb51 Drivers/STM32F4xx_HAL_Driver/Src/stm32f4xx_hal.o
                                        0xbd4 (size before relaxing)
 .debug_str     0x0000000000000b51      0x4dd Drivers/STM32F4xx_HAL_Driver/Src/stm32f4xx_hal_cortex.o
                                        0xcbf (size before relaxing)
 .debug_str     0x000000000000102e      0x527 Drivers/STM32F4xx_HAL_Driver/Src/stm32f4xx_hal_dma.o
                                        0x7be (size before relaxing)
 .debug_str     0x0000000000001555      0x1de Drivers/STM32F4xx_HAL_Driver/Src/stm32f4xx_hal_gpio.o
                                        0x569 (size before relaxing)
 .debug_str     0x0000000000001733      0x2ee Drivers/STM32F4xx_HAL_Driver/Src/stm32f4xx_hal_rcc.o
                                        0x71a (size before relaxing)
 .debug_str     0x0000000000001a21      0x347 Drivers/STM32F4xx_HAL_Driver/Src/stm32f4xx_hal_rcc_ex.o
                                        0x82b (size before relaxing)
 .debug_str     0x0000000000001d68      0xfbe Drivers/STM32F4xx_HAL_Driver/Src/stm32f4xx_hal_tim.o
                                       0x14ce (size before relaxing)
 .debug_str     0x0000000000002d26      0x579 Drivers/STM32F4xx_HAL_Driver/Src/stm32f4xx_hal_tim_ex.o
                                        0xcce (size before relaxing)
 .debug_str     0x000000000000329f      0x6d8 Drivers/STM32F4xx_HAL_Driver/Src/stm32f4xx_hal_uart.o
                                        0xbf5 (size before relaxing)
 .debug_str     0x0000000000003977      0xe91 Middlewares/Third_Party/FreeRTOS/Source/CMSIS_RTOS/cmsis_os.o
                                       0x1192 (size before relaxing)
 .debug_str     0x0000000000004808      0x143 Middlewares/Third_Party/FreeRTOS/Source/list.o
                                        0x751 (size before relaxing)
 .debug_str     0x000000000000494b      0x248 Middlewares/Third_Party/FreeRTOS/Source/portable/GCC/ARM_CM4F/port.o
                                        0x471 (size before relaxing)
 .debug_str     0x0000000000004b93      0x1ff Middlewares/Third_Party/FreeRTOS/Source/portable/MemMang/heap_4.o
                                        0x81b (size before relaxing)
 .debug_str     0x0000000000004d92      0x5b9 Middlewares/Third_Party/FreeRTOS/Source/queue.o
                                        0xde8 (size before relaxing)
 .debug_str     0x000000000000534b      0xc5c Middlewares/Third_Party/FreeRTOS/Source/tasks.o
                                       0x15f9 (size before relaxing)
 .debug_str     0x0000000000005fa7       0xb8 Src/CLI.o
                                        0x9a7 (size before relaxing)
 .debug_str     0x000000000000605f      0x1a4 Src/EventControl.o
                                        0xc37 (size before relaxing)
 .debug_str     0x0000000000006203      0x31d Src/StateMachine.o
                                        0xc36 (size before relaxing)
 .debug_str     0x0000000000006520      0x1c2 Src/SysControl.o
                                        0x6d1 (size before relaxing)
 .debug_str     0x00000000000066e2      0x238 Src/freertos.o
                                        0xb7c (size before relaxing)
 .debug_str     0x000000000000691a       0x1b Src/gpio.o
                                        0x911 (size before relaxing)
 .debug_str     0x0000000000006935       0x68 Src/main.o
                                        0xfd3 (size before relaxing)
 .debug_str     0x000000000000699d      0x1a1 Src/monitor.o
                                       0x10f3 (size before relaxing)
 .debug_str     0x0000000000006b3e       0x8e Src/printf-stdarg.o
                                        0x1c4 (size before relaxing)
 .debug_str     0x0000000000006bcc       0x1b Src/stm32f4xx_hal_msp.o
                                        0x880 (size before relaxing)
 .debug_str     0x0000000000006be7       0x51 Src/stm32f4xx_hal_timebase_tim.o
                                        0xd9a (size before relaxing)
 .debug_str     0x0000000000006c38      0x135 Src/stm32f4xx_it.o
                                        0x946 (size before relaxing)
 .debug_str     0x0000000000006d6d       0x45 Src/system_stm32f4xx.o
                                        0x3cd (size before relaxing)
 .debug_str     0x0000000000006db2       0x43 Src/tim.o
                                        0xe36 (size before relaxing)
 .debug_str     0x0000000000006df5       0x7a Src/usart.o
                                        0xe50 (size before relaxing)

.comment        0x0000000000000000       0x7c
 .comment       0x0000000000000000       0x7c Drivers/STM32F4xx_HAL_Driver/Src/stm32f4xx_hal.o
                                         0x7d (size before relaxing)
 .comment       0x000000000000007c       0x7d Drivers/STM32F4xx_HAL_Driver/Src/stm32f4xx_hal_cortex.o
 .comment       0x000000000000007c       0x7d Drivers/STM32F4xx_HAL_Driver/Src/stm32f4xx_hal_dma.o
 .comment       0x000000000000007c       0x7d Drivers/STM32F4xx_HAL_Driver/Src/stm32f4xx_hal_gpio.o
 .comment       0x000000000000007c       0x7d Drivers/STM32F4xx_HAL_Driver/Src/stm32f4xx_hal_rcc.o
 .comment       0x000000000000007c       0x7d Drivers/STM32F4xx_HAL_Driver/Src/stm32f4xx_hal_rcc_ex.o
 .comment       0x000000000000007c       0x7d Drivers/STM32F4xx_HAL_Driver/Src/stm32f4xx_hal_tim.o
 .comment       0x000000000000007c       0x7d Drivers/STM32F4xx_HAL_Driver/Src/stm32f4xx_hal_tim_ex.o
 .comment       0x000000000000007c       0x7d Drivers/STM32F4xx_HAL_Driver/Src/stm32f4xx_hal_uart.o
 .comment       0x000000000000007c       0x7d Middlewares/Third_Party/FreeRTOS/Source/CMSIS_RTOS/cmsis_os.o
 .comment       0x000000000000007c       0x7d Middlewares/Third_Party/FreeRTOS/Source/list.o
 .comment       0x000000000000007c       0x7d Middlewares/Third_Party/FreeRTOS/Source/portable/GCC/ARM_CM4F/port.o
 .comment       0x000000000000007c       0x7d Middlewares/Third_Party/FreeRTOS/Source/portable/MemMang/heap_4.o
 .comment       0x000000000000007c       0x7d Middlewares/Third_Party/FreeRTOS/Source/queue.o
 .comment       0x000000000000007c       0x7d Middlewares/Third_Party/FreeRTOS/Source/tasks.o
 .comment       0x000000000000007c       0x7d Src/CLI.o
 .comment       0x000000000000007c       0x7d Src/EventControl.o
 .comment       0x000000000000007c       0x7d Src/StateMachine.o
 .comment       0x000000000000007c       0x7d Src/SysControl.o
 .comment       0x000000000000007c       0x7d Src/freertos.o
 .comment       0x000000000000007c       0x7d Src/gpio.o
 .comment       0x000000000000007c       0x7d Src/main.o
 .comment       0x000000000000007c       0x7d Src/monitor.o
 .comment       0x000000000000007c       0x7d Src/printf-stdarg.o
 .comment       0x000000000000007c       0x7d Src/stm32f4xx_hal_msp.o
 .comment       0x000000000000007c       0x7d Src/stm32f4xx_hal_timebase_tim.o
 .comment       0x000000000000007c       0x7d Src/stm32f4xx_it.o
 .comment       0x000000000000007c       0x7d Src/system_stm32f4xx.o
 .comment       0x000000000000007c       0x7d Src/tim.o
 .comment       0x000000000000007c       0x7d Src/usart.o

.debug_frame    0x0000000000000000     0x588c
 .debug_frame   0x0000000000000000      0x374 Drivers/STM32F4xx_HAL_Driver/Src/stm32f4xx_hal.o
 .debug_frame   0x0000000000000374      0x498 Drivers/STM32F4xx_HAL_Driver/Src/stm32f4xx_hal_cortex.o
 .debug_frame   0x000000000000080c      0x250 Drivers/STM32F4xx_HAL_Driver/Src/stm32f4xx_hal_dma.o
 .debug_frame   0x0000000000000a5c      0x14c Drivers/STM32F4xx_HAL_Driver/Src/stm32f4xx_hal_gpio.o
 .debug_frame   0x0000000000000ba8      0x1f8 Drivers/STM32F4xx_HAL_Driver/Src/stm32f4xx_hal_rcc.o
 .debug_frame   0x0000000000000da0      0x1e8 Drivers/STM32F4xx_HAL_Driver/Src/stm32f4xx_hal_rcc_ex.o
 .debug_frame   0x0000000000000f88     0x10f0 Drivers/STM32F4xx_HAL_Driver/Src/stm32f4xx_hal_tim.o
 .debug_frame   0x0000000000002078      0x5c0 Drivers/STM32F4xx_HAL_Driver/Src/stm32f4xx_hal_tim_ex.o
 .debug_frame   0x0000000000002638      0x83c Drivers/STM32F4xx_HAL_Driver/Src/stm32f4xx_hal_uart.o
 .debug_frame   0x0000000000002e74      0x808 Middlewares/Third_Party/FreeRTOS/Source/CMSIS_RTOS/cmsis_os.o
 .debug_frame   0x000000000000367c       0xd8 Middlewares/Third_Party/FreeRTOS/Source/list.o
 .debug_frame   0x0000000000003754      0x1a8 Middlewares/Third_Party/FreeRTOS/Source/portable/GCC/ARM_CM4F/port.o
 .debug_frame   0x00000000000038fc      0x108 Middlewares/Third_Party/FreeRTOS/Source/portable/MemMang/heap_4.o
 .debug_frame   0x0000000000003a04      0x4e4 Middlewares/Third_Party/FreeRTOS/Source/queue.o
 .debug_frame   0x0000000000003ee8      0x8cc Middlewares/Third_Party/FreeRTOS/Source/tasks.o
 .debug_frame   0x00000000000047b4       0x9c Src/CLI.o
 .debug_frame   0x0000000000004850       0x30 Src/EventControl.o
 .debug_frame   0x0000000000004880      0x2a4 Src/StateMachine.o
 .debug_frame   0x0000000000004b24      0x328 Src/SysControl.o
 .debug_frame   0x0000000000004e4c       0xa4 Src/freertos.o
 .debug_frame   0x0000000000004ef0       0x34 Src/gpio.o
 .debug_frame   0x0000000000004f24       0xb4 Src/main.o
 .debug_frame   0x0000000000004fd8       0xdc Src/monitor.o
 .debug_frame   0x00000000000050b4      0x134 Src/printf-stdarg.o
 .debug_frame   0x00000000000051e8       0x34 Src/stm32f4xx_hal_msp.o
 .debug_frame   0x000000000000521c       0x74 Src/stm32f4xx_hal_timebase_tim.o
 .debug_frame   0x0000000000005290      0x1c8 Src/stm32f4xx_it.o
 .debug_frame   0x0000000000005458       0x58 Src/system_stm32f4xx.o
 .debug_frame   0x00000000000054b0       0xc4 Src/tim.o
 .debug_frame   0x0000000000005574       0xd8 Src/usart.o
 .debug_frame   0x000000000000564c       0x2c /opt/Atollic_TrueSTUDIO_for_STM32_x86_64_9.2.0/ARMTools/bin/../lib/gcc/arm-atollic-eabi/6.3.1/../../../../arm-atollic-eabi/lib/armv7e-m/fpu/libc_nano.a(lib_a-init.o)
 .debug_frame   0x0000000000005678       0x28 /opt/Atollic_TrueSTUDIO_for_STM32_x86_64_9.2.0/ARMTools/bin/../lib/gcc/arm-atollic-eabi/6.3.1/../../../../arm-atollic-eabi/lib/armv7e-m/fpu/libc_nano.a(lib_a-memcpy-stub.o)
 .debug_frame   0x00000000000056a0       0x20 /opt/Atollic_TrueSTUDIO_for_STM32_x86_64_9.2.0/ARMTools/bin/../lib/gcc/arm-atollic-eabi/6.3.1/../../../../arm-atollic-eabi/lib/armv7e-m/fpu/libc_nano.a(lib_a-memset.o)
 .debug_frame   0x00000000000056c0       0x20 /opt/Atollic_TrueSTUDIO_for_STM32_x86_64_9.2.0/ARMTools/bin/../lib/gcc/arm-atollic-eabi/6.3.1/../../../../arm-atollic-eabi/lib/armv7e-m/fpu/libc_nano.a(lib_a-strcpy.o)
 .debug_frame   0x00000000000056e0       0x2c /opt/Atollic_TrueSTUDIO_for_STM32_x86_64_9.2.0/ARMTools/bin/../lib/gcc/arm-atollic-eabi/6.3.1/../../../../arm-atollic-eabi/lib/armv7e-m/fpu/libm.a(lib_a-s_trunc.o)
 .debug_frame   0x000000000000570c       0xac /opt/Atollic_TrueSTUDIO_for_STM32_x86_64_9.2.0/ARMTools/bin/../lib/gcc/arm-atollic-eabi/6.3.1/armv7e-m/fpu/libgcc.a(_arm_addsubdf3.o)
 .debug_frame   0x00000000000057b8       0x50 /opt/Atollic_TrueSTUDIO_for_STM32_x86_64_9.2.0/ARMTools/bin/../lib/gcc/arm-atollic-eabi/6.3.1/armv7e-m/fpu/libgcc.a(_arm_muldivdf3.o)
 .debug_frame   0x0000000000005808       0x24 /opt/Atollic_TrueSTUDIO_for_STM32_x86_64_9.2.0/ARMTools/bin/../lib/gcc/arm-atollic-eabi/6.3.1/armv7e-m/fpu/libgcc.a(_arm_truncdfsf2.o)
 .debug_frame   0x000000000000582c       0x2c /opt/Atollic_TrueSTUDIO_for_STM32_x86_64_9.2.0/ARMTools/bin/../lib/gcc/arm-atollic-eabi/6.3.1/armv7e-m/fpu/libgcc.a(_aeabi_uldivmod.o)
 .debug_frame   0x0000000000005858       0x34 /opt/Atollic_TrueSTUDIO_for_STM32_x86_64_9.2.0/ARMTools/bin/../lib/gcc/arm-atollic-eabi/6.3.1/armv7e-m/fpu/libgcc.a(_udivmoddi4.o)

.debug_ranges   0x0000000000000000       0x20
 .debug_ranges  0x0000000000000000       0x20 startup/startup_stm32f446xx.o
