StateMachine.c:48:6:event_A1_GO	8	static
StateMachine.c:52:6:event_A2_GO	8	static
StateMachine.c:56:6:event_A3_GO	8	static
StateMachine.c:62:6:event_A1_ret	8	static
StateMachine.c:66:6:event_A2_ret	8	static
StateMachine.c:70:6:event_A3_ret	8	static
StateMachine.c:76:6:event_sp	32	static
StateMachine.c:110:6:event_s1	24	static
StateMachine.c:126:6:event_s2	24	static
StateMachine.c:142:6:event_s3	24	static
StateMachine.c:165:6:initStateMachine	16	static
StateMachine.c:274:6:execSM_classic	32	static
StateMachine.c:330:6:execSM_otm	40	static
StateMachine.c:382:7:calc_beneficio	40	static
StateMachine.c:412:6:troca_trans	24	static
StateMachine.c:431:6:Otimiza	64	static
StateMachine.c:458:6:StartStateMachineTask	40	static
StateMachine.c:546:6:StartOptimizerTask	40	static
StateMachine.c:637:6:HAL_GPIO_EXTI_Callback	16	static
