stm32f4xx_it.c:77:6:NMI_Handler	4	static
stm32f4xx_it.c:90:6:HardFault_Handler	4	static
stm32f4xx_it.c:105:6:MemManage_Handler	4	static
stm32f4xx_it.c:120:6:BusFault_Handler	4	static
stm32f4xx_it.c:135:6:UsageFault_Handler	4	static
stm32f4xx_it.c:150:6:DebugMon_Handler	4	static
stm32f4xx_it.c:170:6:EXTI0_IRQHandler	8	static
stm32f4xx_it.c:184:6:EXTI1_IRQHandler	8	static
stm32f4xx_it.c:198:6:EXTI2_IRQHandler	8	static
stm32f4xx_it.c:212:6:EXTI3_IRQHandler	8	static
stm32f4xx_it.c:226:6:TIM2_IRQHandler	8	static
stm32f4xx_it.c:240:6:USART2_IRQHandler	8	static
stm32f4xx_it.c:254:6:USART3_IRQHandler	8	static
stm32f4xx_it.c:268:6:TIM8_TRG_COM_TIM14_IRQHandler	8	static
stm32f4xx_it.c:282:6:TIM5_IRQHandler	8	static
stm32f4xx_it.c:296:6:TIM6_DAC_IRQHandler	8	static
